

================================================================
== Vivado HLS Report for 'invert'
================================================================
* Date:           Wed Mar 27 15:15:48 2019

* Version:        2018.2 (Build 2258646 on Thu Jun 14 20:25:20 MDT 2018)
* Project:        hls
* Solution:       solution
* Product family: kintexuplus
* Target device:  xcku5p-sfvb784-3-e


================================================================
== Performance Estimates
================================================================
+ Timing (ns): 
    * Summary: 
    +--------+-------+----------+------------+
    |  Clock | Target| Estimated| Uncertainty|
    +--------+-------+----------+------------+
    |ap_clk  |   3.33|     2.917|        0.42|
    +--------+-------+----------+------------+

+ Latency (clock cycles): 
    * Summary: 
    +-----+-----+-----+-----+---------+
    |  Latency  |  Interval | Pipeline|
    | min | max | min | max |   Type  |
    +-----+-----+-----+-----+---------+
    |    ?|    ?|    ?|    ?|   none  |
    +-----+-----+-----+-----+---------+

    + Detail: 
        * Instance: 
        +-------------------------+--------------+-----+-----+-----+-----+---------+
        |                         |              |  Latency  |  Interval | Pipeline|
        |         Instance        |    Module    | min | max | min | max |   Type  |
        +-------------------------+--------------+-----+-----+-----+-----+---------+
        |grp_readChildren_fu_187  |readChildren  |    ?|    ?|    ?|    ?|   none  |
        +-------------------------+--------------+-----+-----+-----+-----+---------+

        * Loop: 
        +----------------+------+------+----------+-----------+-----------+------+----------+
        |                |   Latency   | Iteration|  Initiation Interval  | Trip |          |
        |    Loop Name   |  min |  max |  Latency |  achieved |   target  | Count| Pipelined|
        +----------------+------+------+----------+-----------+-----------+------+----------+
        |- Store_output  |  1024|  1024|         1|          1|          1|  1024|    yes   |
        |- readAdj       |     ?|     ?|        37|          2|          1|     ?|    yes   |
        +----------------+------+------+----------+-----------+-----------+------+----------+



================================================================
== Utilization Estimates
================================================================
* Summary: 
+-----------------+---------+-------+--------+--------+-----+
|       Name      | BRAM_18K| DSP48E|   FF   |   LUT  | URAM|
+-----------------+---------+-------+--------+--------+-----+
|DSP              |        -|      -|       -|       -|    -|
|Expression       |        -|      -|       0|      97|    -|
|FIFO             |        0|      -|       5|      44|    -|
|Instance         |        2|      4|    3439|    3061|    -|
|Memory           |       57|      -|       0|       0|    -|
|Multiplexer      |        -|      -|       -|     155|    -|
|Register         |        0|      -|     303|      32|    -|
+-----------------+---------+-------+--------+--------+-----+
|Total            |       59|      4|    3747|    3389|    0|
+-----------------+---------+-------+--------+--------+-----+
|Available        |      960|   1824|  433920|  216960|   64|
+-----------------+---------+-------+--------+--------+-----+
|Utilization (%)  |        6|   ~0  |   ~0   |       1|    0|
+-----------------+---------+-------+--------+--------+-----+

+ Detail: 
    * Instance: 
    +-------------------------+-----------------------+---------+-------+------+------+
    |         Instance        |         Module        | BRAM_18K| DSP48E|  FF  |  LUT |
    +-------------------------+-----------------------+---------+-------+------+------+
    |invert_AXILiteS_s_axi_U  |invert_AXILiteS_s_axi  |        0|      0|   106|   168|
    |invert_control_s_axi_U   |invert_control_s_axi   |        0|      0|   144|   232|
    |invert_gmem_m_axi_U      |invert_gmem_m_axi      |        2|      0|   512|   580|
    |invert_mul_32s_32cud_U5  |invert_mul_32s_32cud   |        0|      4|   165|    49|
    |invert_sdiv_33ns_dEe_U6  |invert_sdiv_33ns_dEe   |        0|      0|  2434|  1854|
    |grp_readChildren_fu_187  |readChildren           |        0|      0|    78|   178|
    +-------------------------+-----------------------+---------+-------+------+------+
    |Total                    |                       |        2|      4|  3439|  3061|
    +-------------------------+-----------------------+---------+-------+------+------+

    * DSP48: 
    N/A

    * Memory: 
    +--------------------+----------------------+---------+---+----+------+------+------+-------------+
    |       Memory       |        Module        | BRAM_18K| FF| LUT| Words| Bits | Banks| W*Bits*Banks|
    +--------------------+----------------------+---------+---+----+------+------+------+-------------+
    |chldToPar_data_V_U  |invert_chldToPar_bkb  |       57|  0|   0|  1024|  1024|     1|      1048576|
    +--------------------+----------------------+---------+---+----+------+------+------+-------------+
    |Total               |                      |       57|  0|   0|  1024|  1024|     1|      1048576|
    +--------------------+----------------------+---------+---+----+------+------+------+-------------+

    * FIFO: 
    +------------------------+---------+---+----+------+-----+---------+
    |          Name          | BRAM_18K| FF| LUT| Depth| Bits| Size:D*B|
    +------------------------+---------+---+----+------+-----+---------+
    |chld_s_stream_V_fifo_U  |        0|  5|  44|     1|   32|       32|
    +------------------------+---------+---+----+------+-----+---------+
    |Total                   |        0|  5|  44|     1|   32|       32|
    +------------------------+---------+---+----+------+-----+---------+

    * Expression: 
    +------------------------------------+----------+-------+---+----+------------+------------+
    |            Variable Name           | Operation| DSP48E| FF| LUT| Bitwidth P0| Bitwidth P1|
    +------------------------------------+----------+-------+---+----+------------+------------+
    |i_2_fu_216_p2                       |     +    |      0|  0|  18|          11|           1|
    |i_3_fu_236_p2                       |     +    |      0|  0|  38|          31|           1|
    |ap_block_pp1_stage1_11001           |    and   |      0|  0|   2|           1|           1|
    |ap_block_state42_pp1_stage1_iter17  |    and   |      0|  0|   2|           1|           1|
    |exitcond_fu_210_p2                  |   icmp   |      0|  0|  13|          11|          12|
    |tmp_i_fu_231_p2                     |   icmp   |      0|  0|  20|          32|          32|
    |ap_enable_pp1                       |    xor   |      0|  0|   2|           1|           2|
    |ap_enable_reg_pp1_iter1             |    xor   |      0|  0|   2|           2|           1|
    +------------------------------------+----------+-------+---+----+------------+------------+
    |Total                               |          |      0|  0|  97|          90|          51|
    +------------------------------------+----------+-------+---+----+------------+------------+

    * Multiplexer: 
    +------------------------------+----+-----------+------+-----------+
    |             Name             | LUT| Input Size| Bits | Total Bits|
    +------------------------------+----+-----------+------+-----------+
    |ap_NS_fsm                     |  47|         10|     1|         10|
    |ap_enable_reg_pp1_iter1       |   9|          2|     1|          2|
    |ap_enable_reg_pp1_iter18      |   9|          2|     1|          2|
    |ap_phi_mux_i_i_phi_fu_180_p4  |   9|          2|    31|         62|
    |chldToPar_data_V_address0     |  21|          4|    10|         40|
    |chldToPar_data_V_d0           |  15|          3|  1024|       3072|
    |chld_s_stream_V_write         |   9|          2|     1|          2|
    |gmem_ARVALID                  |   9|          2|     1|          2|
    |gmem_RREADY                   |   9|          2|     1|          2|
    |i_i_reg_176                   |   9|          2|    31|         62|
    |i_reg_165                     |   9|          2|    11|         22|
    +------------------------------+----+-----------+------+-----------+
    |Total                         | 155|         33|  1113|       3278|
    +------------------------------+----+-----------+------+-----------+

    * Register: 
    +--------------------------------------+----+----+-----+-----------+
    |                 Name                 | FF | LUT| Bits| Const Bits|
    +--------------------------------------+----+----+-----+-----------+
    |N_reg_287                             |  32|   0|   32|          0|
    |ap_CS_fsm                             |   9|   0|    9|          0|
    |ap_enable_reg_pp1_iter0               |   1|   0|    1|          0|
    |ap_enable_reg_pp1_iter1               |   1|   0|    1|          0|
    |ap_enable_reg_pp1_iter10              |   1|   0|    1|          0|
    |ap_enable_reg_pp1_iter11              |   1|   0|    1|          0|
    |ap_enable_reg_pp1_iter12              |   1|   0|    1|          0|
    |ap_enable_reg_pp1_iter13              |   1|   0|    1|          0|
    |ap_enable_reg_pp1_iter14              |   1|   0|    1|          0|
    |ap_enable_reg_pp1_iter15              |   1|   0|    1|          0|
    |ap_enable_reg_pp1_iter16              |   1|   0|    1|          0|
    |ap_enable_reg_pp1_iter17              |   1|   0|    1|          0|
    |ap_enable_reg_pp1_iter18              |   1|   0|    1|          0|
    |ap_enable_reg_pp1_iter2               |   1|   0|    1|          0|
    |ap_enable_reg_pp1_iter3               |   1|   0|    1|          0|
    |ap_enable_reg_pp1_iter4               |   1|   0|    1|          0|
    |ap_enable_reg_pp1_iter5               |   1|   0|    1|          0|
    |ap_enable_reg_pp1_iter6               |   1|   0|    1|          0|
    |ap_enable_reg_pp1_iter7               |   1|   0|    1|          0|
    |ap_enable_reg_pp1_iter8               |   1|   0|    1|          0|
    |ap_enable_reg_pp1_iter9               |   1|   0|    1|          0|
    |chldPerPar_read_reg_265               |  32|   0|   32|          0|
    |chldToPar_data_V_ad_1_reg_315         |  10|   0|   10|          0|
    |grp_readChildren_fu_187_ap_start_reg  |   1|   0|    1|          0|
    |i_3_reg_310                           |  31|   0|   31|          0|
    |i_i_reg_176                           |  31|   0|   31|          0|
    |i_reg_165                             |  11|   0|   11|          0|
    |numPar_read_reg_271                   |  32|   0|   32|          0|
    |parToChld1_reg_276                    |  30|   0|   30|          0|
    |tmp_i_reg_306                         |   1|   0|    1|          0|
    |tmp_i_reg_306                         |  64|  32|    1|          0|
    +--------------------------------------+----+----+-----+-----------+
    |Total                                 | 303|  32|  240|          0|
    +--------------------------------------+----+----+-----+-----------+



================================================================
== Interface
================================================================
* Summary: 
+------------------------+-----+-----+------------+--------------+--------------+
|        RTL Ports       | Dir | Bits|  Protocol  | Source Object|    C Type    |
+------------------------+-----+-----+------------+--------------+--------------+
|s_axi_AXILiteS_AWVALID  |  in |    1|    s_axi   |   AXILiteS   |    scalar    |
|s_axi_AXILiteS_AWREADY  | out |    1|    s_axi   |   AXILiteS   |    scalar    |
|s_axi_AXILiteS_AWADDR   |  in |    5|    s_axi   |   AXILiteS   |    scalar    |
|s_axi_AXILiteS_WVALID   |  in |    1|    s_axi   |   AXILiteS   |    scalar    |
|s_axi_AXILiteS_WREADY   | out |    1|    s_axi   |   AXILiteS   |    scalar    |
|s_axi_AXILiteS_WDATA    |  in |   32|    s_axi   |   AXILiteS   |    scalar    |
|s_axi_AXILiteS_WSTRB    |  in |    4|    s_axi   |   AXILiteS   |    scalar    |
|s_axi_AXILiteS_ARVALID  |  in |    1|    s_axi   |   AXILiteS   |    scalar    |
|s_axi_AXILiteS_ARREADY  | out |    1|    s_axi   |   AXILiteS   |    scalar    |
|s_axi_AXILiteS_ARADDR   |  in |    5|    s_axi   |   AXILiteS   |    scalar    |
|s_axi_AXILiteS_RVALID   | out |    1|    s_axi   |   AXILiteS   |    scalar    |
|s_axi_AXILiteS_RREADY   |  in |    1|    s_axi   |   AXILiteS   |    scalar    |
|s_axi_AXILiteS_RDATA    | out |   32|    s_axi   |   AXILiteS   |    scalar    |
|s_axi_AXILiteS_RRESP    | out |    2|    s_axi   |   AXILiteS   |    scalar    |
|s_axi_AXILiteS_BVALID   | out |    1|    s_axi   |   AXILiteS   |    scalar    |
|s_axi_AXILiteS_BREADY   |  in |    1|    s_axi   |   AXILiteS   |    scalar    |
|s_axi_AXILiteS_BRESP    | out |    2|    s_axi   |   AXILiteS   |    scalar    |
|s_axi_control_AWVALID   |  in |    1|    s_axi   |    control   |    scalar    |
|s_axi_control_AWREADY   | out |    1|    s_axi   |    control   |    scalar    |
|s_axi_control_AWADDR    |  in |    6|    s_axi   |    control   |    scalar    |
|s_axi_control_WVALID    |  in |    1|    s_axi   |    control   |    scalar    |
|s_axi_control_WREADY    | out |    1|    s_axi   |    control   |    scalar    |
|s_axi_control_WDATA     |  in |   32|    s_axi   |    control   |    scalar    |
|s_axi_control_WSTRB     |  in |    4|    s_axi   |    control   |    scalar    |
|s_axi_control_ARVALID   |  in |    1|    s_axi   |    control   |    scalar    |
|s_axi_control_ARREADY   | out |    1|    s_axi   |    control   |    scalar    |
|s_axi_control_ARADDR    |  in |    6|    s_axi   |    control   |    scalar    |
|s_axi_control_RVALID    | out |    1|    s_axi   |    control   |    scalar    |
|s_axi_control_RREADY    |  in |    1|    s_axi   |    control   |    scalar    |
|s_axi_control_RDATA     | out |   32|    s_axi   |    control   |    scalar    |
|s_axi_control_RRESP     | out |    2|    s_axi   |    control   |    scalar    |
|s_axi_control_BVALID    | out |    1|    s_axi   |    control   |    scalar    |
|s_axi_control_BREADY    |  in |    1|    s_axi   |    control   |    scalar    |
|s_axi_control_BRESP     | out |    2|    s_axi   |    control   |    scalar    |
|ap_clk                  |  in |    1| ap_ctrl_hs |    invert    | return value |
|ap_rst_n                |  in |    1| ap_ctrl_hs |    invert    | return value |
|ap_start                |  in |    1| ap_ctrl_hs |    invert    | return value |
|ap_done                 | out |    1| ap_ctrl_hs |    invert    | return value |
|ap_idle                 | out |    1| ap_ctrl_hs |    invert    | return value |
|ap_ready                | out |    1| ap_ctrl_hs |    invert    | return value |
|m_axi_gmem_AWVALID      | out |    1|    m_axi   |     gmem     |    pointer   |
|m_axi_gmem_AWREADY      |  in |    1|    m_axi   |     gmem     |    pointer   |
|m_axi_gmem_AWADDR       | out |   32|    m_axi   |     gmem     |    pointer   |
|m_axi_gmem_AWID         | out |    1|    m_axi   |     gmem     |    pointer   |
|m_axi_gmem_AWLEN        | out |    8|    m_axi   |     gmem     |    pointer   |
|m_axi_gmem_AWSIZE       | out |    3|    m_axi   |     gmem     |    pointer   |
|m_axi_gmem_AWBURST      | out |    2|    m_axi   |     gmem     |    pointer   |
|m_axi_gmem_AWLOCK       | out |    2|    m_axi   |     gmem     |    pointer   |
|m_axi_gmem_AWCACHE      | out |    4|    m_axi   |     gmem     |    pointer   |
|m_axi_gmem_AWPROT       | out |    3|    m_axi   |     gmem     |    pointer   |
|m_axi_gmem_AWQOS        | out |    4|    m_axi   |     gmem     |    pointer   |
|m_axi_gmem_AWREGION     | out |    4|    m_axi   |     gmem     |    pointer   |
|m_axi_gmem_AWUSER       | out |    1|    m_axi   |     gmem     |    pointer   |
|m_axi_gmem_WVALID       | out |    1|    m_axi   |     gmem     |    pointer   |
|m_axi_gmem_WREADY       |  in |    1|    m_axi   |     gmem     |    pointer   |
|m_axi_gmem_WDATA        | out |   32|    m_axi   |     gmem     |    pointer   |
|m_axi_gmem_WSTRB        | out |    4|    m_axi   |     gmem     |    pointer   |
|m_axi_gmem_WLAST        | out |    1|    m_axi   |     gmem     |    pointer   |
|m_axi_gmem_WID          | out |    1|    m_axi   |     gmem     |    pointer   |
|m_axi_gmem_WUSER        | out |    1|    m_axi   |     gmem     |    pointer   |
|m_axi_gmem_ARVALID      | out |    1|    m_axi   |     gmem     |    pointer   |
|m_axi_gmem_ARREADY      |  in |    1|    m_axi   |     gmem     |    pointer   |
|m_axi_gmem_ARADDR       | out |   32|    m_axi   |     gmem     |    pointer   |
|m_axi_gmem_ARID         | out |    1|    m_axi   |     gmem     |    pointer   |
|m_axi_gmem_ARLEN        | out |    8|    m_axi   |     gmem     |    pointer   |
|m_axi_gmem_ARSIZE       | out |    3|    m_axi   |     gmem     |    pointer   |
|m_axi_gmem_ARBURST      | out |    2|    m_axi   |     gmem     |    pointer   |
|m_axi_gmem_ARLOCK       | out |    2|    m_axi   |     gmem     |    pointer   |
|m_axi_gmem_ARCACHE      | out |    4|    m_axi   |     gmem     |    pointer   |
|m_axi_gmem_ARPROT       | out |    3|    m_axi   |     gmem     |    pointer   |
|m_axi_gmem_ARQOS        | out |    4|    m_axi   |     gmem     |    pointer   |
|m_axi_gmem_ARREGION     | out |    4|    m_axi   |     gmem     |    pointer   |
|m_axi_gmem_ARUSER       | out |    1|    m_axi   |     gmem     |    pointer   |
|m_axi_gmem_RVALID       |  in |    1|    m_axi   |     gmem     |    pointer   |
|m_axi_gmem_RREADY       | out |    1|    m_axi   |     gmem     |    pointer   |
|m_axi_gmem_RDATA        |  in |   32|    m_axi   |     gmem     |    pointer   |
|m_axi_gmem_RLAST        |  in |    1|    m_axi   |     gmem     |    pointer   |
|m_axi_gmem_RID          |  in |    1|    m_axi   |     gmem     |    pointer   |
|m_axi_gmem_RUSER        |  in |    1|    m_axi   |     gmem     |    pointer   |
|m_axi_gmem_RRESP        |  in |    2|    m_axi   |     gmem     |    pointer   |
|m_axi_gmem_BVALID       |  in |    1|    m_axi   |     gmem     |    pointer   |
|m_axi_gmem_BREADY       | out |    1|    m_axi   |     gmem     |    pointer   |
|m_axi_gmem_BRESP        |  in |    2|    m_axi   |     gmem     |    pointer   |
|m_axi_gmem_BID          |  in |    1|    m_axi   |     gmem     |    pointer   |
|m_axi_gmem_BUSER        |  in |    1|    m_axi   |     gmem     |    pointer   |
+------------------------+-----+-----+------------+--------------+--------------+

