

================================================================
== Vivado HLS Report for 'g_rg_t'
================================================================
* Date:           Tue May  7 10:37:35 2019

* Version:        2018.2 (Build 2258646 on Thu Jun 14 20:25:20 MDT 2018)
* Project:        hls
* Solution:       solution
* Product family: kintexuplus
* Target device:  xcku5p-sfvb784-3-e


================================================================
== Performance Estimates
================================================================
+ Timing (ns): 
    * Summary: 
    +--------+-------+----------+------------+
    |  Clock | Target| Estimated| Uncertainty|
    +--------+-------+----------+------------+
    |ap_clk  |   3.33|     2.917|        0.42|
    +--------+-------+----------+------------+

+ Latency (clock cycles): 
    * Summary: 
    +-----+-----+-----+-----+---------+
    |  Latency  |  Interval | Pipeline|
    | min | max | min | max |   Type  |
    +-----+-----+-----+-----+---------+
    |    ?|    ?|    ?|    ?|   none  |
    +-----+-----+-----+-----+---------+

    + Detail: 
        * Instance: 
        +-------------------+-------+-----+-------+-----+-------+---------+
        |                   |       |   Latency   |   Interval  | Pipeline|
        |      Instance     | Module| min |  max  | min |  max  |   Type  |
        +-------------------+-------+-----+-------+-----+-------+---------+
        |grp_unite_fu_2147  |unite  |   11|  14347|   11|  14347|   none  |
        +-------------------+-------+-----+-------+-----+-------+---------+

        * Loop: 
        +-----------------------+-----+-----+----------+-----------+-----------+------+----------+
        |                       |  Latency  | Iteration|  Initiation Interval  | Trip |          |
        |       Loop Name       | min | max |  Latency |  achieved |   target  | Count| Pipelined|
        +-----------------------+-----+-----+----------+-----------+-----------+------+----------+
        |- transit_loop_rg      |    ?|    ?|         ?|          -|          -|     ?|    no    |
        | + transit_loop_rg.1   |    ?|    ?|        15|          -|          -|     ?|    no    |
        | + transit_loop_rg.2   |    ?|    ?|        15|          -|          -|     ?|    no    |
        | + transit_loop_rg.3   |    ?|    ?|        15|          -|          -|     ?|    no    |
        | + transit_loop_rg.4   |    ?|    ?|        15|          -|          -|     ?|    no    |
        | + transit_loop_rg.5   |    ?|    ?|        15|          -|          -|     ?|    no    |
        | + transit_loop_rg.6   |    ?|    ?|        15|          -|          -|     ?|    no    |
        | + transit_loop_rg.7   |    ?|    ?|        15|          -|          -|     ?|    no    |
        | + transit_loop_rg.8   |    ?|    ?|        15|          -|          -|     ?|    no    |
        | + transit_loop_rg.9   |    ?|    ?|        15|          -|          -|     ?|    no    |
        | + transit_loop_rg.10  |    ?|    ?|        15|          -|          -|     ?|    no    |
        | + transit_loop_rg.11  |    ?|    ?|        15|          -|          -|     ?|    no    |
        | + transit_loop_rg.12  |    ?|    ?|        15|          -|          -|     ?|    no    |
        | + transit_loop_rg.13  |    ?|    ?|        15|          -|          -|     ?|    no    |
        | + transit_loop_rg.14  |    ?|    ?|        15|          -|          -|     ?|    no    |
        | + transit_loop_rg.15  |    ?|    ?|        15|          -|          -|     ?|    no    |
        | + transit_loop_rg.16  |    ?|    ?|        15|          -|          -|     ?|    no    |
        | + transit_loop_rg.17  |    ?|    ?|        15|          -|          -|     ?|    no    |
        | + transit_loop_rg.18  |    ?|    ?|        15|          -|          -|     ?|    no    |
        | + transit_loop_rg.19  |    ?|    ?|        15|          -|          -|     ?|    no    |
        | + transit_loop_rg.20  |    ?|    ?|        15|          -|          -|     ?|    no    |
        | + transit_loop_rg.21  |    ?|    ?|        15|          -|          -|     ?|    no    |
        | + transit_loop_rg.22  |    ?|    ?|        15|          -|          -|     ?|    no    |
        | + transit_loop_rg.23  |    ?|    ?|        15|          -|          -|     ?|    no    |
        | + transit_loop_rg.24  |    ?|    ?|        15|          -|          -|     ?|    no    |
        | + transit_loop_rg.25  |    ?|    ?|        15|          -|          -|     ?|    no    |
        | + transit_loop_rg.26  |    ?|    ?|        15|          -|          -|     ?|    no    |
        | + transit_loop_rg.27  |    ?|    ?|        15|          -|          -|     ?|    no    |
        | + transit_loop_rg.28  |    ?|    ?|        15|          -|          -|     ?|    no    |
        | + transit_loop_rg.29  |    ?|    ?|        15|          -|          -|     ?|    no    |
        | + transit_loop_rg.30  |    ?|    ?|        15|          -|          -|     ?|    no    |
        | + transit_loop_rg.31  |    ?|    ?|        15|          -|          -|     ?|    no    |
        | + transit_loop_rg.32  |    ?|    ?|        15|          -|          -|     ?|    no    |
        +-----------------------+-----+-----+----------+-----------+-----------+------+----------+



================================================================
== Utilization Estimates
================================================================
* Summary: 
+-----------------+---------+-------+--------+--------+-----+
|       Name      | BRAM_18K| DSP48E|   FF   |   LUT  | URAM|
+-----------------+---------+-------+--------+--------+-----+
|DSP              |        -|      -|       -|       -|    -|
|Expression       |        -|      -|       0|    8331|    -|
|FIFO             |        -|      -|       -|       -|    -|
|Instance         |       58|      -|    5042|   20571|    -|
|Memory           |        -|      -|       -|       -|    -|
|Multiplexer      |        -|      -|       -|    3462|    -|
|Register         |        -|      -|   73281|       -|    -|
+-----------------+---------+-------+--------+--------+-----+
|Total            |       58|      0|   78323|   32364|    0|
+-----------------+---------+-------+--------+--------+-----+
|Available        |      960|   1824|  433920|  216960|   64|
+-----------------+---------+-------+--------+--------+-----+
|Utilization (%)  |        6|      0|      18|      14|    0|
+-----------------+---------+-------+--------+--------+-----+

+ Detail: 
    * Instance: 
    +-------------------------+-----------------------+---------+-------+------+-------+
    |         Instance        |         Module        | BRAM_18K| DSP48E|  FF  |  LUT  |
    +-------------------------+-----------------------+---------+-------+------+-------+
    |g_rg_t_AXILiteS_s_axi_U  |g_rg_t_AXILiteS_s_axi  |        0|      0|   182|    296|
    |g_rg_t_control_s_axi_U   |g_rg_t_control_s_axi   |        0|      0|    68|    104|
    |g_rg_t_gmem_m_axi_U      |g_rg_t_gmem_m_axi      |       58|      0|  2493|   2663|
    |grp_unite_fu_2147        |unite                  |        0|      0|  2299|  17508|
    +-------------------------+-----------------------+---------+-------+------+-------+
    |Total                    |                       |       58|      0|  5042|  20571|
    +-------------------------+-----------------------+---------+-------+------+-------+

    * DSP48: 
    N/A

    * Memory: 
    N/A

    * FIFO: 
    N/A

    * Expression: 
    +----------------------------------+----------+-------+---+----+------------+------------+
    |           Variable Name          | Operation| DSP48E| FF| LUT| Bitwidth P0| Bitwidth P1|
    +----------------------------------+----------+-------+---+----+------------+------------+
    |adjs_data_V8_sum10_fu_3531_p2     |     +    |      0|  0|  40|          33|          33|
    |adjs_data_V8_sum11_fu_3554_p2     |     +    |      0|  0|  39|          32|          32|
    |adjs_data_V8_sum12_fu_3600_p2     |     +    |      0|  0|  40|          33|          33|
    |adjs_data_V8_sum13_fu_3623_p2     |     +    |      0|  0|  39|          32|          32|
    |adjs_data_V8_sum14_fu_3669_p2     |     +    |      0|  0|  40|          33|          33|
    |adjs_data_V8_sum15_fu_3692_p2     |     +    |      0|  0|  39|          32|          32|
    |adjs_data_V8_sum16_fu_3738_p2     |     +    |      0|  0|  40|          33|          33|
    |adjs_data_V8_sum17_fu_3761_p2     |     +    |      0|  0|  39|          32|          32|
    |adjs_data_V8_sum18_fu_3807_p2     |     +    |      0|  0|  40|          33|          33|
    |adjs_data_V8_sum19_fu_3830_p2     |     +    |      0|  0|  39|          32|          32|
    |adjs_data_V8_sum1_fu_3209_p2      |     +    |      0|  0|  39|          32|          32|
    |adjs_data_V8_sum20_fu_3876_p2     |     +    |      0|  0|  40|          33|          33|
    |adjs_data_V8_sum21_fu_3899_p2     |     +    |      0|  0|  39|          32|          32|
    |adjs_data_V8_sum22_fu_3945_p2     |     +    |      0|  0|  40|          33|          33|
    |adjs_data_V8_sum23_fu_3968_p2     |     +    |      0|  0|  39|          32|          32|
    |adjs_data_V8_sum24_fu_4014_p2     |     +    |      0|  0|  40|          33|          33|
    |adjs_data_V8_sum25_fu_4037_p2     |     +    |      0|  0|  39|          32|          32|
    |adjs_data_V8_sum26_fu_4083_p2     |     +    |      0|  0|  40|          33|          33|
    |adjs_data_V8_sum27_fu_4106_p2     |     +    |      0|  0|  39|          32|          32|
    |adjs_data_V8_sum28_fu_4152_p2     |     +    |      0|  0|  40|          33|          33|
    |adjs_data_V8_sum29_fu_4175_p2     |     +    |      0|  0|  39|          32|          32|
    |adjs_data_V8_sum2_fu_3255_p2      |     +    |      0|  0|  40|          33|          33|
    |adjs_data_V8_sum30_fu_4221_p2     |     +    |      0|  0|  40|          33|          33|
    |adjs_data_V8_sum31_fu_4244_p2     |     +    |      0|  0|  39|          32|          32|
    |adjs_data_V8_sum32_fu_4290_p2     |     +    |      0|  0|  40|          33|          33|
    |adjs_data_V8_sum33_fu_4313_p2     |     +    |      0|  0|  39|          32|          32|
    |adjs_data_V8_sum34_fu_4359_p2     |     +    |      0|  0|  40|          33|          33|
    |adjs_data_V8_sum35_fu_4382_p2     |     +    |      0|  0|  39|          32|          32|
    |adjs_data_V8_sum36_fu_4428_p2     |     +    |      0|  0|  40|          33|          33|
    |adjs_data_V8_sum37_fu_4451_p2     |     +    |      0|  0|  39|          32|          32|
    |adjs_data_V8_sum38_fu_4497_p2     |     +    |      0|  0|  40|          33|          33|
    |adjs_data_V8_sum39_fu_4520_p2     |     +    |      0|  0|  39|          32|          32|
    |adjs_data_V8_sum3_fu_3278_p2      |     +    |      0|  0|  39|          32|          32|
    |adjs_data_V8_sum40_fu_4566_p2     |     +    |      0|  0|  40|          33|          33|
    |adjs_data_V8_sum41_fu_4589_p2     |     +    |      0|  0|  39|          32|          32|
    |adjs_data_V8_sum42_fu_4635_p2     |     +    |      0|  0|  40|          33|          33|
    |adjs_data_V8_sum43_fu_4658_p2     |     +    |      0|  0|  39|          32|          32|
    |adjs_data_V8_sum44_fu_4704_p2     |     +    |      0|  0|  40|          33|          33|
    |adjs_data_V8_sum45_fu_4727_p2     |     +    |      0|  0|  39|          32|          32|
    |adjs_data_V8_sum46_fu_4773_p2     |     +    |      0|  0|  40|          33|          33|
    |adjs_data_V8_sum47_fu_4796_p2     |     +    |      0|  0|  39|          32|          32|
    |adjs_data_V8_sum48_fu_4842_p2     |     +    |      0|  0|  40|          33|          33|
    |adjs_data_V8_sum49_fu_4865_p2     |     +    |      0|  0|  39|          32|          32|
    |adjs_data_V8_sum4_fu_3324_p2      |     +    |      0|  0|  40|          33|          33|
    |adjs_data_V8_sum50_fu_4911_p2     |     +    |      0|  0|  40|          33|          33|
    |adjs_data_V8_sum51_fu_4934_p2     |     +    |      0|  0|  39|          32|          32|
    |adjs_data_V8_sum52_fu_4980_p2     |     +    |      0|  0|  40|          33|          33|
    |adjs_data_V8_sum53_fu_5003_p2     |     +    |      0|  0|  39|          32|          32|
    |adjs_data_V8_sum54_fu_5049_p2     |     +    |      0|  0|  40|          33|          33|
    |adjs_data_V8_sum55_fu_5072_p2     |     +    |      0|  0|  39|          32|          32|
    |adjs_data_V8_sum56_fu_5118_p2     |     +    |      0|  0|  40|          33|          33|
    |adjs_data_V8_sum57_fu_5141_p2     |     +    |      0|  0|  39|          32|          32|
    |adjs_data_V8_sum58_fu_5187_p2     |     +    |      0|  0|  40|          33|          33|
    |adjs_data_V8_sum59_fu_5210_p2     |     +    |      0|  0|  39|          32|          32|
    |adjs_data_V8_sum5_fu_3347_p2      |     +    |      0|  0|  39|          32|          32|
    |adjs_data_V8_sum60_fu_5256_p2     |     +    |      0|  0|  40|          33|          33|
    |adjs_data_V8_sum61_fu_5279_p2     |     +    |      0|  0|  39|          32|          32|
    |adjs_data_V8_sum62_fu_5325_p2     |     +    |      0|  0|  40|          33|          33|
    |adjs_data_V8_sum63_fu_5330_p2     |     +    |      0|  0|  39|          32|          32|
    |adjs_data_V8_sum6_fu_3393_p2      |     +    |      0|  0|  40|          33|          33|
    |adjs_data_V8_sum7_fu_3416_p2      |     +    |      0|  0|  39|          32|          32|
    |adjs_data_V8_sum8_fu_3462_p2      |     +    |      0|  0|  40|          33|          33|
    |adjs_data_V8_sum9_fu_3485_p2      |     +    |      0|  0|  39|          32|          32|
    |adjs_data_V8_sum_fu_3186_p2       |     +    |      0|  0|  40|          33|          33|
    |b_10_fu_3923_p2                   |     +    |      0|  0|  39|          32|           2|
    |b_11_fu_3992_p2                   |     +    |      0|  0|  39|          32|           2|
    |b_12_fu_4061_p2                   |     +    |      0|  0|  39|          32|           2|
    |b_13_fu_4130_p2                   |     +    |      0|  0|  39|          32|           2|
    |b_14_fu_4199_p2                   |     +    |      0|  0|  39|          32|           2|
    |b_15_fu_4268_p2                   |     +    |      0|  0|  39|          32|           2|
    |b_16_fu_4337_p2                   |     +    |      0|  0|  39|          32|           2|
    |b_17_fu_4406_p2                   |     +    |      0|  0|  39|          32|           2|
    |b_18_fu_4475_p2                   |     +    |      0|  0|  39|          32|           2|
    |b_19_fu_4544_p2                   |     +    |      0|  0|  39|          32|           2|
    |b_1_fu_3233_p2                    |     +    |      0|  0|  39|          32|           2|
    |b_20_fu_4613_p2                   |     +    |      0|  0|  39|          32|           2|
    |b_21_fu_4682_p2                   |     +    |      0|  0|  39|          32|           2|
    |b_22_fu_4751_p2                   |     +    |      0|  0|  39|          32|           2|
    |b_23_fu_4820_p2                   |     +    |      0|  0|  39|          32|           2|
    |b_24_fu_4889_p2                   |     +    |      0|  0|  39|          32|           2|
    |b_25_fu_4958_p2                   |     +    |      0|  0|  39|          32|           2|
    |b_26_fu_5027_p2                   |     +    |      0|  0|  39|          32|           2|
    |b_27_fu_5096_p2                   |     +    |      0|  0|  39|          32|           2|
    |b_28_fu_5165_p2                   |     +    |      0|  0|  39|          32|           2|
    |b_29_fu_5234_p2                   |     +    |      0|  0|  39|          32|           2|
    |b_2_fu_3302_p2                    |     +    |      0|  0|  39|          32|           2|
    |b_30_fu_5303_p2                   |     +    |      0|  0|  39|          32|           2|
    |b_3_fu_3371_p2                    |     +    |      0|  0|  39|          32|           2|
    |b_4_fu_3440_p2                    |     +    |      0|  0|  39|          32|           2|
    |b_5_fu_3509_p2                    |     +    |      0|  0|  39|          32|           2|
    |b_6_fu_3578_p2                    |     +    |      0|  0|  39|          32|           2|
    |b_7_fu_3647_p2                    |     +    |      0|  0|  39|          32|           2|
    |b_8_fu_3716_p2                    |     +    |      0|  0|  39|          32|           2|
    |b_9_fu_3785_p2                    |     +    |      0|  0|  39|          32|           2|
    |b_fu_3164_p2                      |     +    |      0|  0|  39|          32|           2|
    |b_s_fu_3854_p2                    |     +    |      0|  0|  39|          32|           2|
    |g_data_V4_sum_fu_2240_p2          |     +    |      0|  0|  39|          32|          32|
    |i_2_fu_2234_p2                    |     +    |      0|  0|  38|          31|           1|
    |numadjs_2_10_fu_2780_p2           |     +    |      0|  0|  12|           1|           4|
    |numadjs_2_11_fu_2799_p2           |     +    |      0|  0|  12|           1|           4|
    |numadjs_2_12_fu_2815_p2           |     +    |      0|  0|  12|           1|           4|
    |numadjs_2_13_fu_2834_p2           |     +    |      0|  0|  12|           1|           4|
    |numadjs_2_14_fu_2856_p2           |     +    |      0|  0|  15|           1|           5|
    |numadjs_2_15_fu_2875_p2           |     +    |      0|  0|  15|           1|           5|
    |numadjs_2_16_fu_2894_p2           |     +    |      0|  0|  15|           1|           5|
    |numadjs_2_17_fu_2910_p2           |     +    |      0|  0|  15|           1|           5|
    |numadjs_2_18_fu_2929_p2           |     +    |      0|  0|  15|           1|           5|
    |numadjs_2_19_fu_2945_p2           |     +    |      0|  0|  15|           1|           5|
    |numadjs_2_20_fu_2964_p2           |     +    |      0|  0|  15|           1|           5|
    |numadjs_2_21_fu_2983_p2           |     +    |      0|  0|  15|           1|           5|
    |numadjs_2_22_fu_2999_p2           |     +    |      0|  0|  15|           1|           5|
    |numadjs_2_23_fu_3018_p2           |     +    |      0|  0|  15|           1|           5|
    |numadjs_2_24_fu_3034_p2           |     +    |      0|  0|  15|           1|           5|
    |numadjs_2_25_fu_3053_p2           |     +    |      0|  0|  15|           1|           5|
    |numadjs_2_26_fu_3072_p2           |     +    |      0|  0|  15|           1|           5|
    |numadjs_2_27_fu_3088_p2           |     +    |      0|  0|  15|           1|           5|
    |numadjs_2_28_fu_3107_p2           |     +    |      0|  0|  15|           1|           5|
    |numadjs_2_29_fu_3123_p2           |     +    |      0|  0|  15|           1|           5|
    |numadjs_2_2_fu_2609_p2            |     +    |      0|  0|   9|           1|           2|
    |numadjs_2_30_fu_3146_p2           |     +    |      0|  0|  15|           1|           6|
    |numadjs_2_3_fu_2631_p2            |     +    |      0|  0|  11|           1|           3|
    |numadjs_2_4_fu_2649_p2            |     +    |      0|  0|  11|           1|           3|
    |numadjs_2_5_fu_2668_p2            |     +    |      0|  0|  11|           1|           3|
    |numadjs_2_6_fu_2687_p2            |     +    |      0|  0|  11|           1|           3|
    |numadjs_2_7_fu_2707_p2            |     +    |      0|  0|  12|           1|           4|
    |numadjs_2_8_fu_2726_p2            |     +    |      0|  0|  12|           1|           4|
    |numadjs_2_9_fu_2745_p2            |     +    |      0|  0|  12|           1|           4|
    |numadjs_2_s_fu_2761_p2            |     +    |      0|  0|  12|           1|           4|
    |out_data_V6_sum_fu_5373_p2        |     +    |      0|  0|  39|          32|          32|
    |rg_data_V2_sum10_fu_3884_p2       |     +    |      0|  0|  40|          33|          33|
    |rg_data_V2_sum11_fu_3953_p2       |     +    |      0|  0|  40|          33|          33|
    |rg_data_V2_sum12_fu_4022_p2       |     +    |      0|  0|  40|          33|          33|
    |rg_data_V2_sum13_fu_4091_p2       |     +    |      0|  0|  40|          33|          33|
    |rg_data_V2_sum14_fu_4160_p2       |     +    |      0|  0|  40|          33|          33|
    |rg_data_V2_sum15_fu_4229_p2       |     +    |      0|  0|  40|          33|          33|
    |rg_data_V2_sum16_fu_4298_p2       |     +    |      0|  0|  40|          33|          33|
    |rg_data_V2_sum17_fu_4367_p2       |     +    |      0|  0|  40|          33|          33|
    |rg_data_V2_sum18_fu_4436_p2       |     +    |      0|  0|  40|          33|          33|
    |rg_data_V2_sum19_fu_4505_p2       |     +    |      0|  0|  40|          33|          33|
    |rg_data_V2_sum1_fu_3263_p2        |     +    |      0|  0|  40|          33|          33|
    |rg_data_V2_sum20_fu_4574_p2       |     +    |      0|  0|  40|          33|          33|
    |rg_data_V2_sum21_fu_4643_p2       |     +    |      0|  0|  40|          33|          33|
    |rg_data_V2_sum22_fu_4712_p2       |     +    |      0|  0|  40|          33|          33|
    |rg_data_V2_sum23_fu_4781_p2       |     +    |      0|  0|  40|          33|          33|
    |rg_data_V2_sum24_fu_4850_p2       |     +    |      0|  0|  40|          33|          33|
    |rg_data_V2_sum25_fu_4919_p2       |     +    |      0|  0|  40|          33|          33|
    |rg_data_V2_sum26_fu_4988_p2       |     +    |      0|  0|  40|          33|          33|
    |rg_data_V2_sum27_fu_5057_p2       |     +    |      0|  0|  40|          33|          33|
    |rg_data_V2_sum28_fu_5126_p2       |     +    |      0|  0|  40|          33|          33|
    |rg_data_V2_sum29_fu_5195_p2       |     +    |      0|  0|  40|          33|          33|
    |rg_data_V2_sum2_fu_3332_p2        |     +    |      0|  0|  40|          33|          33|
    |rg_data_V2_sum30_fu_5264_p2       |     +    |      0|  0|  40|          33|          33|
    |rg_data_V2_sum31_fu_5338_p2       |     +    |      0|  0|  40|          33|          33|
    |rg_data_V2_sum3_fu_3401_p2        |     +    |      0|  0|  40|          33|          33|
    |rg_data_V2_sum4_fu_3470_p2        |     +    |      0|  0|  40|          33|          33|
    |rg_data_V2_sum5_fu_3539_p2        |     +    |      0|  0|  40|          33|          33|
    |rg_data_V2_sum6_fu_3608_p2        |     +    |      0|  0|  40|          33|          33|
    |rg_data_V2_sum7_fu_3677_p2        |     +    |      0|  0|  40|          33|          33|
    |rg_data_V2_sum8_fu_3746_p2        |     +    |      0|  0|  40|          33|          33|
    |rg_data_V2_sum9_fu_3815_p2        |     +    |      0|  0|  40|          33|          33|
    |rg_data_V2_sum_fu_3194_p2         |     +    |      0|  0|  40|          33|          33|
    |tmp_8_10_fu_3935_p2               |     +    |      0|  0|  39|          32|           3|
    |tmp_8_11_fu_4004_p2               |     +    |      0|  0|  39|          32|           3|
    |tmp_8_12_fu_4073_p2               |     +    |      0|  0|  39|          32|           3|
    |tmp_8_13_fu_4142_p2               |     +    |      0|  0|  39|          32|           3|
    |tmp_8_14_fu_4211_p2               |     +    |      0|  0|  39|          32|           3|
    |tmp_8_15_fu_4280_p2               |     +    |      0|  0|  39|          32|           3|
    |tmp_8_16_fu_4349_p2               |     +    |      0|  0|  39|          32|           3|
    |tmp_8_17_fu_4418_p2               |     +    |      0|  0|  39|          32|           3|
    |tmp_8_18_fu_4487_p2               |     +    |      0|  0|  39|          32|           3|
    |tmp_8_19_fu_4556_p2               |     +    |      0|  0|  39|          32|           3|
    |tmp_8_1_fu_3245_p2                |     +    |      0|  0|  39|          32|           3|
    |tmp_8_20_fu_4625_p2               |     +    |      0|  0|  39|          32|           3|
    |tmp_8_21_fu_4694_p2               |     +    |      0|  0|  39|          32|           3|
    |tmp_8_22_fu_4763_p2               |     +    |      0|  0|  39|          32|           3|
    |tmp_8_23_fu_4832_p2               |     +    |      0|  0|  39|          32|           3|
    |tmp_8_24_fu_4901_p2               |     +    |      0|  0|  39|          32|           3|
    |tmp_8_25_fu_4970_p2               |     +    |      0|  0|  39|          32|           3|
    |tmp_8_26_fu_5039_p2               |     +    |      0|  0|  39|          32|           3|
    |tmp_8_27_fu_5108_p2               |     +    |      0|  0|  39|          32|           3|
    |tmp_8_28_fu_5177_p2               |     +    |      0|  0|  39|          32|           3|
    |tmp_8_29_fu_5246_p2               |     +    |      0|  0|  39|          32|           3|
    |tmp_8_2_fu_3314_p2                |     +    |      0|  0|  39|          32|           3|
    |tmp_8_30_fu_5315_p2               |     +    |      0|  0|  39|          32|           3|
    |tmp_8_3_fu_3383_p2                |     +    |      0|  0|  39|          32|           3|
    |tmp_8_4_fu_3452_p2                |     +    |      0|  0|  39|          32|           3|
    |tmp_8_5_fu_3521_p2                |     +    |      0|  0|  39|          32|           3|
    |tmp_8_6_fu_3590_p2                |     +    |      0|  0|  39|          32|           3|
    |tmp_8_7_fu_3659_p2                |     +    |      0|  0|  39|          32|           3|
    |tmp_8_8_fu_3728_p2                |     +    |      0|  0|  39|          32|           3|
    |tmp_8_9_fu_3797_p2                |     +    |      0|  0|  39|          32|           3|
    |tmp_8_fu_3176_p2                  |     +    |      0|  0|  39|          32|           3|
    |tmp_8_s_fu_3866_p2                |     +    |      0|  0|  39|          32|           3|
    |ap_block_state1005                |    and   |      0|  0|   2|           1|           1|
    |ap_block_state1034                |    and   |      0|  0|   2|           1|           1|
    |ap_block_state1063                |    and   |      0|  0|   2|           1|           1|
    |ap_block_state164                 |    and   |      0|  0|   2|           1|           1|
    |ap_block_state193                 |    and   |      0|  0|   2|           1|           1|
    |ap_block_state222                 |    and   |      0|  0|   2|           1|           1|
    |ap_block_state251                 |    and   |      0|  0|   2|           1|           1|
    |ap_block_state280                 |    and   |      0|  0|   2|           1|           1|
    |ap_block_state2_io                |    and   |      0|  0|   2|           1|           1|
    |ap_block_state309                 |    and   |      0|  0|   2|           1|           1|
    |ap_block_state338                 |    and   |      0|  0|   2|           1|           1|
    |ap_block_state367                 |    and   |      0|  0|   2|           1|           1|
    |ap_block_state396                 |    and   |      0|  0|   2|           1|           1|
    |ap_block_state425                 |    and   |      0|  0|   2|           1|           1|
    |ap_block_state454                 |    and   |      0|  0|   2|           1|           1|
    |ap_block_state483                 |    and   |      0|  0|   2|           1|           1|
    |ap_block_state512                 |    and   |      0|  0|   2|           1|           1|
    |ap_block_state541                 |    and   |      0|  0|   2|           1|           1|
    |ap_block_state570                 |    and   |      0|  0|   2|           1|           1|
    |ap_block_state599                 |    and   |      0|  0|   2|           1|           1|
    |ap_block_state628                 |    and   |      0|  0|   2|           1|           1|
    |ap_block_state657                 |    and   |      0|  0|   2|           1|           1|
    |ap_block_state686                 |    and   |      0|  0|   2|           1|           1|
    |ap_block_state715                 |    and   |      0|  0|   2|           1|           1|
    |ap_block_state744                 |    and   |      0|  0|   2|           1|           1|
    |ap_block_state773                 |    and   |      0|  0|   2|           1|           1|
    |ap_block_state802                 |    and   |      0|  0|   2|           1|           1|
    |ap_block_state831                 |    and   |      0|  0|   2|           1|           1|
    |ap_block_state860                 |    and   |      0|  0|   2|           1|           1|
    |ap_block_state889                 |    and   |      0|  0|   2|           1|           1|
    |ap_block_state918                 |    and   |      0|  0|   2|           1|           1|
    |ap_block_state947                 |    and   |      0|  0|   2|           1|           1|
    |ap_block_state976                 |    and   |      0|  0|   2|           1|           1|
    |tmp_4_10_fu_2775_p2               |   icmp   |      0|  0|  20|          32|           2|
    |tmp_4_11_fu_2794_p2               |   icmp   |      0|  0|  20|          32|           2|
    |tmp_4_12_fu_2810_p2               |   icmp   |      0|  0|  20|          32|           2|
    |tmp_4_13_fu_2829_p2               |   icmp   |      0|  0|  20|          32|           2|
    |tmp_4_14_fu_2851_p2               |   icmp   |      0|  0|  20|          32|           2|
    |tmp_4_15_fu_2870_p2               |   icmp   |      0|  0|  20|          32|           2|
    |tmp_4_16_fu_2889_p2               |   icmp   |      0|  0|  20|          32|           2|
    |tmp_4_17_fu_2905_p2               |   icmp   |      0|  0|  20|          32|           2|
    |tmp_4_18_fu_2924_p2               |   icmp   |      0|  0|  20|          32|           2|
    |tmp_4_19_fu_2940_p2               |   icmp   |      0|  0|  20|          32|           2|
    |tmp_4_1_fu_2583_p2                |   icmp   |      0|  0|  20|          32|           2|
    |tmp_4_20_fu_2959_p2               |   icmp   |      0|  0|  20|          32|           2|
    |tmp_4_21_fu_2978_p2               |   icmp   |      0|  0|  20|          32|           2|
    |tmp_4_22_fu_2994_p2               |   icmp   |      0|  0|  20|          32|           2|
    |tmp_4_23_fu_3013_p2               |   icmp   |      0|  0|  20|          32|           2|
    |tmp_4_24_fu_3029_p2               |   icmp   |      0|  0|  20|          32|           2|
    |tmp_4_25_fu_3048_p2               |   icmp   |      0|  0|  20|          32|           2|
    |tmp_4_26_fu_3067_p2               |   icmp   |      0|  0|  20|          32|           2|
    |tmp_4_27_fu_3083_p2               |   icmp   |      0|  0|  20|          32|           2|
    |tmp_4_28_fu_3102_p2               |   icmp   |      0|  0|  20|          32|           2|
    |tmp_4_29_fu_3118_p2               |   icmp   |      0|  0|  20|          32|           2|
    |tmp_4_2_fu_2604_p2                |   icmp   |      0|  0|  20|          32|           2|
    |tmp_4_30_fu_3141_p2               |   icmp   |      0|  0|  20|          32|           2|
    |tmp_4_3_fu_2623_p2                |   icmp   |      0|  0|  20|          32|           2|
    |tmp_4_4_fu_2644_p2                |   icmp   |      0|  0|  20|          32|           2|
    |tmp_4_5_fu_2663_p2                |   icmp   |      0|  0|  20|          32|           2|
    |tmp_4_6_fu_2682_p2                |   icmp   |      0|  0|  20|          32|           2|
    |tmp_4_7_fu_2702_p2                |   icmp   |      0|  0|  20|          32|           2|
    |tmp_4_8_fu_2721_p2                |   icmp   |      0|  0|  20|          32|           2|
    |tmp_4_9_fu_2740_p2                |   icmp   |      0|  0|  20|          32|           2|
    |tmp_4_fu_2568_p2                  |   icmp   |      0|  0|  20|          32|           2|
    |tmp_4_s_fu_2756_p2                |   icmp   |      0|  0|  20|          32|           2|
    |tmp_6_10_fu_3929_p2               |   icmp   |      0|  0|  20|          32|           1|
    |tmp_6_11_fu_3998_p2               |   icmp   |      0|  0|  20|          32|           1|
    |tmp_6_12_fu_4067_p2               |   icmp   |      0|  0|  20|          32|           1|
    |tmp_6_13_fu_4136_p2               |   icmp   |      0|  0|  20|          32|           1|
    |tmp_6_14_fu_4205_p2               |   icmp   |      0|  0|  20|          32|           1|
    |tmp_6_15_fu_4274_p2               |   icmp   |      0|  0|  20|          32|           1|
    |tmp_6_16_fu_4343_p2               |   icmp   |      0|  0|  20|          32|           1|
    |tmp_6_17_fu_4412_p2               |   icmp   |      0|  0|  20|          32|           1|
    |tmp_6_18_fu_4481_p2               |   icmp   |      0|  0|  20|          32|           1|
    |tmp_6_19_fu_4550_p2               |   icmp   |      0|  0|  20|          32|           1|
    |tmp_6_1_fu_3239_p2                |   icmp   |      0|  0|  20|          32|           1|
    |tmp_6_20_fu_4619_p2               |   icmp   |      0|  0|  20|          32|           1|
    |tmp_6_21_fu_4688_p2               |   icmp   |      0|  0|  20|          32|           1|
    |tmp_6_22_fu_4757_p2               |   icmp   |      0|  0|  20|          32|           1|
    |tmp_6_23_fu_4826_p2               |   icmp   |      0|  0|  20|          32|           1|
    |tmp_6_24_fu_4895_p2               |   icmp   |      0|  0|  20|          32|           1|
    |tmp_6_25_fu_4964_p2               |   icmp   |      0|  0|  20|          32|           1|
    |tmp_6_26_fu_5033_p2               |   icmp   |      0|  0|  20|          32|           1|
    |tmp_6_27_fu_5102_p2               |   icmp   |      0|  0|  20|          32|           1|
    |tmp_6_28_fu_5171_p2               |   icmp   |      0|  0|  20|          32|           1|
    |tmp_6_29_fu_5240_p2               |   icmp   |      0|  0|  20|          32|           1|
    |tmp_6_2_fu_3308_p2                |   icmp   |      0|  0|  20|          32|           1|
    |tmp_6_30_fu_5309_p2               |   icmp   |      0|  0|  20|          32|           1|
    |tmp_6_3_fu_3377_p2                |   icmp   |      0|  0|  20|          32|           1|
    |tmp_6_4_fu_3446_p2                |   icmp   |      0|  0|  20|          32|           1|
    |tmp_6_5_fu_3515_p2                |   icmp   |      0|  0|  20|          32|           1|
    |tmp_6_6_fu_3584_p2                |   icmp   |      0|  0|  20|          32|           1|
    |tmp_6_7_fu_3653_p2                |   icmp   |      0|  0|  20|          32|           1|
    |tmp_6_8_fu_3722_p2                |   icmp   |      0|  0|  20|          32|           1|
    |tmp_6_9_fu_3791_p2                |   icmp   |      0|  0|  20|          32|           1|
    |tmp_6_fu_3170_p2                  |   icmp   |      0|  0|  20|          32|           1|
    |tmp_6_s_fu_3860_p2                |   icmp   |      0|  0|  20|          32|           1|
    |tmp_fu_2229_p2                    |   icmp   |      0|  0|  20|          32|          32|
    |ap_block_state116_io              |    or    |      0|  0|   2|           1|           1|
    |numadjs_1_10_fu_2970_p3           |  select  |      0|  0|   5|           1|           5|
    |numadjs_1_11_fu_3005_p3           |  select  |      0|  0|   5|           1|           5|
    |numadjs_1_11_numadjs_fu_2804_p3   |  select  |      0|  0|   4|           1|           4|
    |numadjs_1_12_fu_3040_p3           |  select  |      0|  0|   5|           1|           5|
    |numadjs_1_13_fu_3077_p3           |  select  |      0|  0|   5|           1|           5|
    |numadjs_1_13_numadjs_fu_2840_p3   |  select  |      0|  0|   4|           1|           4|
    |numadjs_1_14_fu_3113_p3           |  select  |      0|  0|   5|           1|           5|
    |numadjs_1_15_fu_3152_p3           |  select  |      0|  0|   6|           1|           6|
    |numadjs_1_15_numadjs_fu_2881_p3   |  select  |      0|  0|   5|           1|           5|
    |numadjs_1_17_numadjs_fu_2916_p3   |  select  |      0|  0|   5|           1|           5|
    |numadjs_1_19_numadjs_fu_2951_p3   |  select  |      0|  0|   5|           1|           5|
    |numadjs_1_1_fu_2596_p3            |  select  |      0|  0|   2|           1|           2|
    |numadjs_1_1_numadjs_s_fu_2615_p3  |  select  |      0|  0|   2|           1|           2|
    |numadjs_1_21_numadjs_fu_2988_p3   |  select  |      0|  0|   5|           1|           5|
    |numadjs_1_23_numadjs_fu_3024_p3   |  select  |      0|  0|   5|           1|           5|
    |numadjs_1_25_numadjs_fu_3059_p3   |  select  |      0|  0|   5|           1|           5|
    |numadjs_1_27_numadjs_fu_3094_p3   |  select  |      0|  0|   5|           1|           5|
    |numadjs_1_29_numadjs_fu_3129_p3   |  select  |      0|  0|   5|           1|           5|
    |numadjs_1_2_fu_2821_p3            |  select  |      0|  0|   4|           1|           4|
    |numadjs_1_3_fu_2637_p3            |  select  |      0|  0|   3|           1|           3|
    |numadjs_1_3_numadjs_s_fu_2655_p3  |  select  |      0|  0|   3|           1|           3|
    |numadjs_1_4_fu_2862_p3            |  select  |      0|  0|   5|           1|           5|
    |numadjs_1_5_fu_2674_p3            |  select  |      0|  0|   3|           1|           3|
    |numadjs_1_5_numadjs_s_fu_2692_p3  |  select  |      0|  0|   3|           1|           3|
    |numadjs_1_6_fu_2899_p3            |  select  |      0|  0|   5|           1|           5|
    |numadjs_1_7_fu_2713_p3            |  select  |      0|  0|   4|           1|           4|
    |numadjs_1_7_numadjs_s_fu_2732_p3  |  select  |      0|  0|   4|           1|           4|
    |numadjs_1_8_fu_2935_p3            |  select  |      0|  0|   5|           1|           5|
    |numadjs_1_9_fu_2750_p3            |  select  |      0|  0|   4|           1|           4|
    |numadjs_1_9_numadjs_s_fu_2767_p3  |  select  |      0|  0|   4|           1|           4|
    |numadjs_1_s_fu_2786_p3            |  select  |      0|  0|   4|           1|           4|
    |numadjs_2_1_fu_2588_p3            |  select  |      0|  0|   3|           1|           1|
    |not_tmp_4_fu_2573_p2              |    xor   |      0|  0|   2|           1|           2|
    +----------------------------------+----------+-------+---+----+------------+------------+
    |Total                             |          |      0|  0|8331|        7456|        3792|
    +----------------------------------+----------+-------+---+----+------------+------------+

    * Multiplexer: 
    +-----------------------------+------+-----------+------+-----------+
    |             Name            |  LUT | Input Size| Bits | Total Bits|
    +-----------------------------+------+-----------+------+-----------+
    |ap_NS_fsm                    |  2193|       1071|     1|       1071|
    |ap_sig_ioackin_gmem_ARREADY  |     9|          2|     1|          2|
    |ap_sig_ioackin_gmem_AWREADY  |     9|          2|     1|          2|
    |ap_sig_ioackin_gmem_WREADY   |     9|          2|     1|          2|
    |b_0_in_10_reg_1958           |     9|          2|    32|         64|
    |b_0_in_11_reg_1967           |     9|          2|    32|         64|
    |b_0_in_12_reg_1976           |     9|          2|    32|         64|
    |b_0_in_13_reg_1985           |     9|          2|    32|         64|
    |b_0_in_14_reg_1994           |     9|          2|    32|         64|
    |b_0_in_15_reg_2003           |     9|          2|    32|         64|
    |b_0_in_16_reg_2012           |     9|          2|    32|         64|
    |b_0_in_17_reg_2021           |     9|          2|    32|         64|
    |b_0_in_18_reg_2030           |     9|          2|    32|         64|
    |b_0_in_19_reg_2039           |     9|          2|    32|         64|
    |b_0_in_1_reg_1868            |     9|          2|    32|         64|
    |b_0_in_20_reg_2048           |     9|          2|    32|         64|
    |b_0_in_21_reg_2057           |     9|          2|    32|         64|
    |b_0_in_22_reg_2066           |     9|          2|    32|         64|
    |b_0_in_23_reg_2075           |     9|          2|    32|         64|
    |b_0_in_24_reg_2084           |     9|          2|    32|         64|
    |b_0_in_25_reg_2093           |     9|          2|    32|         64|
    |b_0_in_26_reg_2102           |     9|          2|    32|         64|
    |b_0_in_27_reg_2111           |     9|          2|    32|         64|
    |b_0_in_28_reg_2120           |     9|          2|    32|         64|
    |b_0_in_29_reg_2129           |     9|          2|    32|         64|
    |b_0_in_2_reg_1877            |     9|          2|    32|         64|
    |b_0_in_30_reg_2138           |     9|          2|    32|         64|
    |b_0_in_3_reg_1886            |     9|          2|    32|         64|
    |b_0_in_4_reg_1895            |     9|          2|    32|         64|
    |b_0_in_5_reg_1904            |     9|          2|    32|         64|
    |b_0_in_6_reg_1913            |     9|          2|    32|         64|
    |b_0_in_7_reg_1922            |     9|          2|    32|         64|
    |b_0_in_8_reg_1931            |     9|          2|    32|         64|
    |b_0_in_9_reg_1940            |     9|          2|    32|         64|
    |b_0_in_reg_1859              |     9|          2|    32|         64|
    |b_0_in_s_reg_1949            |     9|          2|    32|         64|
    |gmem_ARADDR                  |   301|         67|    32|       2144|
    |gmem_ARBURST                 |     9|          2|     2|          4|
    |gmem_ARCACHE                 |     9|          2|     4|          8|
    |gmem_ARID                    |     9|          2|     1|          2|
    |gmem_ARLEN                   |    15|          3|    32|         96|
    |gmem_ARLOCK                  |     9|          2|     2|          4|
    |gmem_ARPROT                  |     9|          2|     3|          6|
    |gmem_ARQOS                   |     9|          2|     4|          8|
    |gmem_ARREGION                |     9|          2|     4|          8|
    |gmem_ARSIZE                  |     9|          2|     3|          6|
    |gmem_ARUSER                  |     9|          2|     1|          2|
    |gmem_ARVALID                 |    15|          3|     1|          3|
    |gmem_AWADDR                  |   157|         35|    32|       1120|
    |gmem_AWLEN                   |    15|          3|    32|         96|
    |gmem_RREADY                  |    15|          3|     1|          3|
    |gmem_WDATA                   |   301|         67|  1024|      68608|
    |gmem_blk_n_AR                |     9|          2|     1|          2|
    |gmem_blk_n_AW                |     9|          2|     1|          2|
    |gmem_blk_n_B                 |     9|          2|     1|          2|
    |gmem_blk_n_R                 |     9|          2|     1|          2|
    |gmem_blk_n_W                 |     9|          2|     1|          2|
    |i_reg_1848                   |     9|          2|    31|         62|
    +-----------------------------+------+-----------+------+-----------+
    |Total                        |  3462|       1352|  2242|      75315|
    +-----------------------------+------+-----------+------+-----------+

    * Register: 
    +--------------------------------+------+----+------+-----------+
    |              Name              |  FF  | LUT| Bits | Const Bits|
    +--------------------------------+------+----+------+-----------+
    |N_read_reg_5387                 |    32|   0|    32|          0|
    |adj_out_data_V_reg_7693         |     0|   0|  1024|       1024|
    |adjs_data_V7_reg_5392           |    25|   0|    25|          0|
    |adjs_data_V8_sum10_reg_6294     |    33|   0|    33|          0|
    |adjs_data_V8_sum11_reg_6310     |    32|   0|    32|          0|
    |adjs_data_V8_sum12_reg_6346     |    33|   0|    33|          0|
    |adjs_data_V8_sum13_reg_6362     |    32|   0|    32|          0|
    |adjs_data_V8_sum14_reg_6398     |    33|   0|    33|          0|
    |adjs_data_V8_sum15_reg_6414     |    32|   0|    32|          0|
    |adjs_data_V8_sum16_reg_6450     |    33|   0|    33|          0|
    |adjs_data_V8_sum17_reg_6466     |    32|   0|    32|          0|
    |adjs_data_V8_sum18_reg_6502     |    33|   0|    33|          0|
    |adjs_data_V8_sum19_reg_6518     |    32|   0|    32|          0|
    |adjs_data_V8_sum1_reg_6050      |    32|   0|    32|          0|
    |adjs_data_V8_sum20_reg_6554     |    33|   0|    33|          0|
    |adjs_data_V8_sum21_reg_6570     |    32|   0|    32|          0|
    |adjs_data_V8_sum22_reg_6606     |    33|   0|    33|          0|
    |adjs_data_V8_sum23_reg_6622     |    32|   0|    32|          0|
    |adjs_data_V8_sum24_reg_6658     |    33|   0|    33|          0|
    |adjs_data_V8_sum25_reg_6674     |    32|   0|    32|          0|
    |adjs_data_V8_sum26_reg_6710     |    33|   0|    33|          0|
    |adjs_data_V8_sum27_reg_6726     |    32|   0|    32|          0|
    |adjs_data_V8_sum28_reg_6762     |    33|   0|    33|          0|
    |adjs_data_V8_sum29_reg_6778     |    32|   0|    32|          0|
    |adjs_data_V8_sum2_reg_6086      |    33|   0|    33|          0|
    |adjs_data_V8_sum30_reg_6814     |    33|   0|    33|          0|
    |adjs_data_V8_sum31_reg_6830     |    32|   0|    32|          0|
    |adjs_data_V8_sum32_reg_6866     |    33|   0|    33|          0|
    |adjs_data_V8_sum33_reg_6882     |    32|   0|    32|          0|
    |adjs_data_V8_sum34_reg_6918     |    33|   0|    33|          0|
    |adjs_data_V8_sum35_reg_6934     |    32|   0|    32|          0|
    |adjs_data_V8_sum36_reg_6970     |    33|   0|    33|          0|
    |adjs_data_V8_sum37_reg_6986     |    32|   0|    32|          0|
    |adjs_data_V8_sum38_reg_7022     |    33|   0|    33|          0|
    |adjs_data_V8_sum39_reg_7038     |    32|   0|    32|          0|
    |adjs_data_V8_sum3_reg_6102      |    32|   0|    32|          0|
    |adjs_data_V8_sum40_reg_7074     |    33|   0|    33|          0|
    |adjs_data_V8_sum41_reg_7090     |    32|   0|    32|          0|
    |adjs_data_V8_sum42_reg_7126     |    33|   0|    33|          0|
    |adjs_data_V8_sum43_reg_7142     |    32|   0|    32|          0|
    |adjs_data_V8_sum44_reg_7178     |    33|   0|    33|          0|
    |adjs_data_V8_sum45_reg_7194     |    32|   0|    32|          0|
    |adjs_data_V8_sum46_reg_7230     |    33|   0|    33|          0|
    |adjs_data_V8_sum47_reg_7246     |    32|   0|    32|          0|
    |adjs_data_V8_sum48_reg_7282     |    33|   0|    33|          0|
    |adjs_data_V8_sum49_reg_7298     |    32|   0|    32|          0|
    |adjs_data_V8_sum4_reg_6138      |    33|   0|    33|          0|
    |adjs_data_V8_sum50_reg_7334     |    33|   0|    33|          0|
    |adjs_data_V8_sum51_reg_7350     |    32|   0|    32|          0|
    |adjs_data_V8_sum52_reg_7386     |    33|   0|    33|          0|
    |adjs_data_V8_sum53_reg_7402     |    32|   0|    32|          0|
    |adjs_data_V8_sum54_reg_7438     |    33|   0|    33|          0|
    |adjs_data_V8_sum55_reg_7454     |    32|   0|    32|          0|
    |adjs_data_V8_sum56_reg_7490     |    33|   0|    33|          0|
    |adjs_data_V8_sum57_reg_7506     |    32|   0|    32|          0|
    |adjs_data_V8_sum58_reg_7542     |    33|   0|    33|          0|
    |adjs_data_V8_sum59_reg_7558     |    32|   0|    32|          0|
    |adjs_data_V8_sum5_reg_6154      |    32|   0|    32|          0|
    |adjs_data_V8_sum60_reg_7594     |    33|   0|    33|          0|
    |adjs_data_V8_sum61_reg_7610     |    32|   0|    32|          0|
    |adjs_data_V8_sum62_reg_7645     |    33|   0|    33|          0|
    |adjs_data_V8_sum63_reg_7650     |    32|   0|    32|          0|
    |adjs_data_V8_sum6_reg_6190      |    33|   0|    33|          0|
    |adjs_data_V8_sum7_reg_6206      |    32|   0|    32|          0|
    |adjs_data_V8_sum8_reg_6242      |    33|   0|    33|          0|
    |adjs_data_V8_sum9_reg_6258      |    32|   0|    32|          0|
    |adjs_data_V8_sum_reg_6034       |    33|   0|    33|          0|
    |ap_CS_fsm                       |  1070|   0|  1070|          0|
    |ap_reg_ioackin_gmem_ARREADY     |     1|   0|     1|          0|
    |ap_reg_ioackin_gmem_AWREADY     |     1|   0|     1|          0|
    |ap_reg_ioackin_gmem_WREADY      |     1|   0|     1|          0|
    |b_0_in_10_reg_1958              |    32|   0|    32|          0|
    |b_0_in_11_reg_1967              |    32|   0|    32|          0|
    |b_0_in_12_reg_1976              |    32|   0|    32|          0|
    |b_0_in_13_reg_1985              |    32|   0|    32|          0|
    |b_0_in_14_reg_1994              |    32|   0|    32|          0|
    |b_0_in_15_reg_2003              |    32|   0|    32|          0|
    |b_0_in_16_reg_2012              |    32|   0|    32|          0|
    |b_0_in_17_reg_2021              |    32|   0|    32|          0|
    |b_0_in_18_reg_2030              |    32|   0|    32|          0|
    |b_0_in_19_reg_2039              |    32|   0|    32|          0|
    |b_0_in_1_reg_1868               |    32|   0|    32|          0|
    |b_0_in_20_reg_2048              |    32|   0|    32|          0|
    |b_0_in_21_reg_2057              |    32|   0|    32|          0|
    |b_0_in_22_reg_2066              |    32|   0|    32|          0|
    |b_0_in_23_reg_2075              |    32|   0|    32|          0|
    |b_0_in_24_reg_2084              |    32|   0|    32|          0|
    |b_0_in_25_reg_2093              |    32|   0|    32|          0|
    |b_0_in_26_reg_2102              |    32|   0|    32|          0|
    |b_0_in_27_reg_2111              |    32|   0|    32|          0|
    |b_0_in_28_reg_2120              |    32|   0|    32|          0|
    |b_0_in_29_reg_2129              |    32|   0|    32|          0|
    |b_0_in_2_reg_1877               |    32|   0|    32|          0|
    |b_0_in_30_reg_2138              |    32|   0|    32|          0|
    |b_0_in_3_reg_1886               |    32|   0|    32|          0|
    |b_0_in_4_reg_1895               |    32|   0|    32|          0|
    |b_0_in_5_reg_1904               |    32|   0|    32|          0|
    |b_0_in_6_reg_1913               |    32|   0|    32|          0|
    |b_0_in_7_reg_1922               |    32|   0|    32|          0|
    |b_0_in_8_reg_1931               |    32|   0|    32|          0|
    |b_0_in_9_reg_1940               |    32|   0|    32|          0|
    |b_0_in_reg_1859                 |    32|   0|    32|          0|
    |b_0_in_s_reg_1949               |    32|   0|    32|          0|
    |b_10_reg_6597                   |    32|   0|    32|          0|
    |b_11_reg_6649                   |    32|   0|    32|          0|
    |b_12_reg_6701                   |    32|   0|    32|          0|
    |b_13_reg_6753                   |    32|   0|    32|          0|
    |b_14_reg_6805                   |    32|   0|    32|          0|
    |b_15_reg_6857                   |    32|   0|    32|          0|
    |b_16_reg_6909                   |    32|   0|    32|          0|
    |b_17_reg_6961                   |    32|   0|    32|          0|
    |b_18_reg_7013                   |    32|   0|    32|          0|
    |b_19_reg_7065                   |    32|   0|    32|          0|
    |b_1_reg_6077                    |    32|   0|    32|          0|
    |b_20_reg_7117                   |    32|   0|    32|          0|
    |b_21_reg_7169                   |    32|   0|    32|          0|
    |b_22_reg_7221                   |    32|   0|    32|          0|
    |b_23_reg_7273                   |    32|   0|    32|          0|
    |b_24_reg_7325                   |    32|   0|    32|          0|
    |b_25_reg_7377                   |    32|   0|    32|          0|
    |b_26_reg_7429                   |    32|   0|    32|          0|
    |b_27_reg_7481                   |    32|   0|    32|          0|
    |b_28_reg_7533                   |    32|   0|    32|          0|
    |b_29_reg_7585                   |    32|   0|    32|          0|
    |b_2_reg_6129                    |    32|   0|    32|          0|
    |b_30_reg_7637                   |    32|   0|    32|          0|
    |b_3_reg_6181                    |    32|   0|    32|          0|
    |b_4_reg_6233                    |    32|   0|    32|          0|
    |b_5_reg_6285                    |    32|   0|    32|          0|
    |b_6_reg_6337                    |    32|   0|    32|          0|
    |b_7_reg_6389                    |    32|   0|    32|          0|
    |b_8_reg_6441                    |    32|   0|    32|          0|
    |b_9_reg_6493                    |    32|   0|    32|          0|
    |b_reg_6025                      |    32|   0|    32|          0|
    |b_s_reg_6545                    |    32|   0|    32|          0|
    |g_data_V4_sum_reg_5567          |    32|   0|    32|          0|
    |gmem_addr_10_read_reg_6176      |  1024|   0|  1024|          0|
    |gmem_addr_11_read_reg_6211      |  1024|   0|  1024|          0|
    |gmem_addr_13_read_reg_6228      |  1024|   0|  1024|          0|
    |gmem_addr_14_read_reg_6263      |  1024|   0|  1024|          0|
    |gmem_addr_16_read_reg_6280      |  1024|   0|  1024|          0|
    |gmem_addr_17_read_reg_6315      |  1024|   0|  1024|          0|
    |gmem_addr_19_read_reg_6332      |  1024|   0|  1024|          0|
    |gmem_addr_20_read_reg_6367      |  1024|   0|  1024|          0|
    |gmem_addr_22_read_reg_6384      |  1024|   0|  1024|          0|
    |gmem_addr_23_read_reg_6419      |  1024|   0|  1024|          0|
    |gmem_addr_25_read_reg_6436      |  1024|   0|  1024|          0|
    |gmem_addr_26_read_reg_6471      |  1024|   0|  1024|          0|
    |gmem_addr_28_read_reg_6488      |  1024|   0|  1024|          0|
    |gmem_addr_29_read_reg_6523      |  1024|   0|  1024|          0|
    |gmem_addr_2_read_reg_6055       |  1024|   0|  1024|          0|
    |gmem_addr_31_read_reg_6540      |  1024|   0|  1024|          0|
    |gmem_addr_32_read_reg_6575      |  1024|   0|  1024|          0|
    |gmem_addr_34_read_reg_6592      |  1024|   0|  1024|          0|
    |gmem_addr_35_read_reg_6627      |  1024|   0|  1024|          0|
    |gmem_addr_37_read_reg_6644      |  1024|   0|  1024|          0|
    |gmem_addr_38_read_reg_6679      |  1024|   0|  1024|          0|
    |gmem_addr_40_read_reg_6696      |  1024|   0|  1024|          0|
    |gmem_addr_41_read_reg_6731      |  1024|   0|  1024|          0|
    |gmem_addr_43_read_reg_6748      |  1024|   0|  1024|          0|
    |gmem_addr_44_read_reg_6783      |  1024|   0|  1024|          0|
    |gmem_addr_46_read_reg_6800      |  1024|   0|  1024|          0|
    |gmem_addr_47_read_reg_6835      |  1024|   0|  1024|          0|
    |gmem_addr_49_read_reg_6852      |  1024|   0|  1024|          0|
    |gmem_addr_4_read_reg_6072       |  1024|   0|  1024|          0|
    |gmem_addr_50_read_reg_6887      |  1024|   0|  1024|          0|
    |gmem_addr_52_read_reg_6904      |  1024|   0|  1024|          0|
    |gmem_addr_53_read_reg_6939      |  1024|   0|  1024|          0|
    |gmem_addr_55_read_reg_6956      |  1024|   0|  1024|          0|
    |gmem_addr_56_read_reg_6991      |  1024|   0|  1024|          0|
    |gmem_addr_58_read_reg_7008      |  1024|   0|  1024|          0|
    |gmem_addr_59_read_reg_7043      |  1024|   0|  1024|          0|
    |gmem_addr_5_read_reg_6107       |  1024|   0|  1024|          0|
    |gmem_addr_61_read_reg_7060      |  1024|   0|  1024|          0|
    |gmem_addr_62_read_reg_7095      |  1024|   0|  1024|          0|
    |gmem_addr_64_read_reg_7112      |  1024|   0|  1024|          0|
    |gmem_addr_65_read_reg_7147      |  1024|   0|  1024|          0|
    |gmem_addr_67_read_reg_7164      |  1024|   0|  1024|          0|
    |gmem_addr_68_read_reg_7199      |  1024|   0|  1024|          0|
    |gmem_addr_70_read_reg_7216      |  1024|   0|  1024|          0|
    |gmem_addr_71_read_reg_7251      |  1024|   0|  1024|          0|
    |gmem_addr_73_read_reg_7268      |  1024|   0|  1024|          0|
    |gmem_addr_74_read_reg_7303      |  1024|   0|  1024|          0|
    |gmem_addr_76_read_reg_7320      |  1024|   0|  1024|          0|
    |gmem_addr_77_read_reg_7355      |  1024|   0|  1024|          0|
    |gmem_addr_79_read_reg_7372      |  1024|   0|  1024|          0|
    |gmem_addr_7_read_reg_6124       |  1024|   0|  1024|          0|
    |gmem_addr_80_read_reg_7407      |  1024|   0|  1024|          0|
    |gmem_addr_82_read_reg_7424      |  1024|   0|  1024|          0|
    |gmem_addr_83_read_reg_7459      |  1024|   0|  1024|          0|
    |gmem_addr_85_read_reg_7476      |  1024|   0|  1024|          0|
    |gmem_addr_86_read_reg_7511      |  1024|   0|  1024|          0|
    |gmem_addr_88_read_reg_7528      |  1024|   0|  1024|          0|
    |gmem_addr_89_read_reg_7563      |  1024|   0|  1024|          0|
    |gmem_addr_8_read_reg_6159       |  1024|   0|  1024|          0|
    |gmem_addr_91_read_reg_7580      |  1024|   0|  1024|          0|
    |gmem_addr_92_read_reg_7615      |  1024|   0|  1024|          0|
    |gmem_addr_94_read_reg_7632      |  1024|   0|  1024|          0|
    |gmem_addr_95_read_reg_7666      |  1024|   0|  1024|          0|
    |gmem_addr_97_read_reg_7683      |  1024|   0|  1024|          0|
    |gmem_addr_reg_5469              |    25|   0|    32|          7|
    |i_2_reg_5562                    |    31|   0|    31|          0|
    |i_cast_reg_5553                 |    31|   0|    32|          1|
    |i_reg_1848                      |    31|   0|    31|          0|
    |numadjs_1_10_reg_5908           |     5|   0|     5|          0|
    |numadjs_1_11_reg_5923           |     5|   0|     5|          0|
    |numadjs_1_13_numadjs_reg_5857   |     4|   0|     4|          0|
    |numadjs_1_15_cast_reg_5989      |     6|   0|    32|         26|
    |numadjs_1_15_numadjs_reg_5870   |     5|   0|     5|          0|
    |numadjs_1_17_numadjs_reg_5885   |     5|   0|     5|          0|
    |numadjs_1_1_numadjs_s_reg_5782  |     2|   0|     2|          0|
    |numadjs_1_25_numadjs_reg_5946   |     5|   0|     5|          0|
    |numadjs_1_27_numadjs_reg_5961   |     5|   0|     5|          0|
    |numadjs_1_5_reg_5800            |     3|   0|     3|          0|
    |numadjs_1_7_numadjs_s_reg_5819  |     4|   0|     4|          0|
    |numadjs_1_s_reg_5838            |     4|   0|     4|          0|
    |numadjs_2_18_reg_5895           |     5|   0|     5|          0|
    |numadjs_2_23_reg_5933           |     5|   0|     5|          0|
    |numadjs_2_28_reg_5971           |     5|   0|     5|          0|
    |out_data_V6_sum_reg_7688        |    32|   0|    32|          0|
    |p_Result_11_10_reg_5644         |    32|   0|    32|          0|
    |p_Result_11_11_reg_5650         |    32|   0|    32|          0|
    |p_Result_11_12_reg_5656         |    32|   0|    32|          0|
    |p_Result_11_13_reg_5662         |    32|   0|    32|          0|
    |p_Result_11_14_reg_5668         |    32|   0|    32|          0|
    |p_Result_11_15_reg_5674         |    32|   0|    32|          0|
    |p_Result_11_16_reg_5680         |    32|   0|    32|          0|
    |p_Result_11_17_reg_5686         |    32|   0|    32|          0|
    |p_Result_11_18_reg_5692         |    32|   0|    32|          0|
    |p_Result_11_19_reg_5698         |    32|   0|    32|          0|
    |p_Result_11_1_reg_5584          |    32|   0|    32|          0|
    |p_Result_11_20_reg_5704         |    32|   0|    32|          0|
    |p_Result_11_21_reg_5710         |    32|   0|    32|          0|
    |p_Result_11_22_reg_5716         |    32|   0|    32|          0|
    |p_Result_11_23_reg_5722         |    32|   0|    32|          0|
    |p_Result_11_24_reg_5728         |    32|   0|    32|          0|
    |p_Result_11_25_reg_5734         |    32|   0|    32|          0|
    |p_Result_11_26_reg_5740         |    32|   0|    32|          0|
    |p_Result_11_27_reg_5746         |    32|   0|    32|          0|
    |p_Result_11_28_reg_5752         |    32|   0|    32|          0|
    |p_Result_11_29_reg_5758         |    32|   0|    32|          0|
    |p_Result_11_2_reg_5590          |    32|   0|    32|          0|
    |p_Result_11_30_reg_5764         |    32|   0|    32|          0|
    |p_Result_11_3_reg_5596          |    32|   0|    32|          0|
    |p_Result_11_4_reg_5602          |    32|   0|    32|          0|
    |p_Result_11_5_reg_5608          |    32|   0|    32|          0|
    |p_Result_11_6_reg_5614          |    32|   0|    32|          0|
    |p_Result_11_7_reg_5620          |    32|   0|    32|          0|
    |p_Result_11_8_reg_5626          |    32|   0|    32|          0|
    |p_Result_11_9_reg_5632          |    32|   0|    32|          0|
    |p_Result_11_s_reg_5638          |    32|   0|    32|          0|
    |rg_data_V2_sum10_reg_6559       |    33|   0|    33|          0|
    |rg_data_V2_sum11_reg_6611       |    33|   0|    33|          0|
    |rg_data_V2_sum12_reg_6663       |    33|   0|    33|          0|
    |rg_data_V2_sum13_reg_6715       |    33|   0|    33|          0|
    |rg_data_V2_sum14_reg_6767       |    33|   0|    33|          0|
    |rg_data_V2_sum15_reg_6819       |    33|   0|    33|          0|
    |rg_data_V2_sum16_reg_6871       |    33|   0|    33|          0|
    |rg_data_V2_sum17_reg_6923       |    33|   0|    33|          0|
    |rg_data_V2_sum18_reg_6975       |    33|   0|    33|          0|
    |rg_data_V2_sum19_reg_7027       |    33|   0|    33|          0|
    |rg_data_V2_sum1_reg_6091        |    33|   0|    33|          0|
    |rg_data_V2_sum20_reg_7079       |    33|   0|    33|          0|
    |rg_data_V2_sum21_reg_7131       |    33|   0|    33|          0|
    |rg_data_V2_sum22_reg_7183       |    33|   0|    33|          0|
    |rg_data_V2_sum23_reg_7235       |    33|   0|    33|          0|
    |rg_data_V2_sum24_reg_7287       |    33|   0|    33|          0|
    |rg_data_V2_sum25_reg_7339       |    33|   0|    33|          0|
    |rg_data_V2_sum26_reg_7391       |    33|   0|    33|          0|
    |rg_data_V2_sum27_reg_7443       |    33|   0|    33|          0|
    |rg_data_V2_sum28_reg_7495       |    33|   0|    33|          0|
    |rg_data_V2_sum29_reg_7547       |    33|   0|    33|          0|
    |rg_data_V2_sum2_reg_6143        |    33|   0|    33|          0|
    |rg_data_V2_sum30_reg_7599       |    33|   0|    33|          0|
    |rg_data_V2_sum31_reg_7655       |    33|   0|    33|          0|
    |rg_data_V2_sum3_reg_6195        |    33|   0|    33|          0|
    |rg_data_V2_sum4_reg_6247        |    33|   0|    33|          0|
    |rg_data_V2_sum5_reg_6299        |    33|   0|    33|          0|
    |rg_data_V2_sum6_reg_6351        |    33|   0|    33|          0|
    |rg_data_V2_sum7_reg_6403        |    33|   0|    33|          0|
    |rg_data_V2_sum8_reg_6455        |    33|   0|    33|          0|
    |rg_data_V2_sum9_reg_6507        |    33|   0|    33|          0|
    |rg_data_V2_sum_reg_6039         |    33|   0|    33|          0|
    |tmp_101_reg_5578                |    32|   0|    32|          0|
    |tmp_12_cast1_reg_5433           |    25|   0|    33|          8|
    |tmp_12_cast_reg_5397            |    25|   0|    32|          7|
    |tmp_13_cast_reg_5507            |    25|   0|    32|          7|
    |tmp_14_cast_reg_5512            |    25|   0|    32|          7|
    |tmp_15_cast_reg_5517            |    25|   0|    33|          8|
    |tmp_4_10_reg_5834               |     1|   0|     1|          0|
    |tmp_4_11_reg_5844               |     1|   0|     1|          0|
    |tmp_4_12_reg_5849               |     1|   0|     1|          0|
    |tmp_4_13_reg_5853               |     1|   0|     1|          0|
    |tmp_4_14_reg_5862               |     1|   0|     1|          0|
    |tmp_4_15_reg_5866               |     1|   0|     1|          0|
    |tmp_4_16_reg_5876               |     1|   0|     1|          0|
    |tmp_4_17_reg_5881               |     1|   0|     1|          0|
    |tmp_4_18_reg_5890               |     1|   0|     1|          0|
    |tmp_4_19_reg_5900               |     1|   0|     1|          0|
    |tmp_4_1_reg_5774                |     1|   0|     1|          0|
    |tmp_4_20_reg_5904               |     1|   0|     1|          0|
    |tmp_4_21_reg_5914               |     1|   0|     1|          0|
    |tmp_4_22_reg_5919               |     1|   0|     1|          0|
    |tmp_4_23_reg_5928               |     1|   0|     1|          0|
    |tmp_4_24_reg_5938               |     1|   0|     1|          0|
    |tmp_4_25_reg_5942               |     1|   0|     1|          0|
    |tmp_4_26_reg_5952               |     1|   0|     1|          0|
    |tmp_4_27_reg_5957               |     1|   0|     1|          0|
    |tmp_4_28_reg_5966               |     1|   0|     1|          0|
    |tmp_4_29_reg_5976               |     1|   0|     1|          0|
    |tmp_4_2_reg_5778                |     1|   0|     1|          0|
    |tmp_4_30_reg_5980               |     1|   0|     1|          0|
    |tmp_4_3_reg_5787                |     1|   0|     1|          0|
    |tmp_4_4_reg_5792                |     1|   0|     1|          0|
    |tmp_4_5_reg_5796                |     1|   0|     1|          0|
    |tmp_4_6_reg_5806                |     1|   0|     1|          0|
    |tmp_4_7_reg_5811                |     1|   0|     1|          0|
    |tmp_4_8_reg_5815                |     1|   0|     1|          0|
    |tmp_4_9_reg_5825                |     1|   0|     1|          0|
    |tmp_4_reg_5770                  |     1|   0|     1|          0|
    |tmp_4_s_reg_5830                |     1|   0|     1|          0|
    +--------------------------------+------+----+------+-----------+
    |Total                           | 73281|   0| 74376|       1095|
    +--------------------------------+------+----+------+-----------+



================================================================
== Interface
================================================================
* Summary: 
+------------------------+-----+------+------------+--------------+--------------+
|        RTL Ports       | Dir | Bits |  Protocol  | Source Object|    C Type    |
+------------------------+-----+------+------------+--------------+--------------+
|s_axi_AXILiteS_AWVALID  |  in |     1|    s_axi   |   AXILiteS   |    scalar    |
|s_axi_AXILiteS_AWREADY  | out |     1|    s_axi   |   AXILiteS   |    scalar    |
|s_axi_AXILiteS_AWADDR   |  in |     6|    s_axi   |   AXILiteS   |    scalar    |
|s_axi_AXILiteS_WVALID   |  in |     1|    s_axi   |   AXILiteS   |    scalar    |
|s_axi_AXILiteS_WREADY   | out |     1|    s_axi   |   AXILiteS   |    scalar    |
|s_axi_AXILiteS_WDATA    |  in |    32|    s_axi   |   AXILiteS   |    scalar    |
|s_axi_AXILiteS_WSTRB    |  in |     4|    s_axi   |   AXILiteS   |    scalar    |
|s_axi_AXILiteS_ARVALID  |  in |     1|    s_axi   |   AXILiteS   |    scalar    |
|s_axi_AXILiteS_ARREADY  | out |     1|    s_axi   |   AXILiteS   |    scalar    |
|s_axi_AXILiteS_ARADDR   |  in |     6|    s_axi   |   AXILiteS   |    scalar    |
|s_axi_AXILiteS_RVALID   | out |     1|    s_axi   |   AXILiteS   |    scalar    |
|s_axi_AXILiteS_RREADY   |  in |     1|    s_axi   |   AXILiteS   |    scalar    |
|s_axi_AXILiteS_RDATA    | out |    32|    s_axi   |   AXILiteS   |    scalar    |
|s_axi_AXILiteS_RRESP    | out |     2|    s_axi   |   AXILiteS   |    scalar    |
|s_axi_AXILiteS_BVALID   | out |     1|    s_axi   |   AXILiteS   |    scalar    |
|s_axi_AXILiteS_BREADY   |  in |     1|    s_axi   |   AXILiteS   |    scalar    |
|s_axi_AXILiteS_BRESP    | out |     2|    s_axi   |   AXILiteS   |    scalar    |
|s_axi_control_AWVALID   |  in |     1|    s_axi   |    control   |    scalar    |
|s_axi_control_AWREADY   | out |     1|    s_axi   |    control   |    scalar    |
|s_axi_control_AWADDR    |  in |     5|    s_axi   |    control   |    scalar    |
|s_axi_control_WVALID    |  in |     1|    s_axi   |    control   |    scalar    |
|s_axi_control_WREADY    | out |     1|    s_axi   |    control   |    scalar    |
|s_axi_control_WDATA     |  in |    32|    s_axi   |    control   |    scalar    |
|s_axi_control_WSTRB     |  in |     4|    s_axi   |    control   |    scalar    |
|s_axi_control_ARVALID   |  in |     1|    s_axi   |    control   |    scalar    |
|s_axi_control_ARREADY   | out |     1|    s_axi   |    control   |    scalar    |
|s_axi_control_ARADDR    |  in |     5|    s_axi   |    control   |    scalar    |
|s_axi_control_RVALID    | out |     1|    s_axi   |    control   |    scalar    |
|s_axi_control_RREADY    |  in |     1|    s_axi   |    control   |    scalar    |
|s_axi_control_RDATA     | out |    32|    s_axi   |    control   |    scalar    |
|s_axi_control_RRESP     | out |     2|    s_axi   |    control   |    scalar    |
|s_axi_control_BVALID    | out |     1|    s_axi   |    control   |    scalar    |
|s_axi_control_BREADY    |  in |     1|    s_axi   |    control   |    scalar    |
|s_axi_control_BRESP     | out |     2|    s_axi   |    control   |    scalar    |
|ap_clk                  |  in |     1| ap_ctrl_hs |    g_rg_t    | return value |
|ap_rst_n                |  in |     1| ap_ctrl_hs |    g_rg_t    | return value |
|ap_start                |  in |     1| ap_ctrl_hs |    g_rg_t    | return value |
|ap_done                 | out |     1| ap_ctrl_hs |    g_rg_t    | return value |
|ap_idle                 | out |     1| ap_ctrl_hs |    g_rg_t    | return value |
|ap_ready                | out |     1| ap_ctrl_hs |    g_rg_t    | return value |
|m_axi_gmem_AWVALID      | out |     1|    m_axi   |     gmem     |    pointer   |
|m_axi_gmem_AWREADY      |  in |     1|    m_axi   |     gmem     |    pointer   |
|m_axi_gmem_AWADDR       | out |    32|    m_axi   |     gmem     |    pointer   |
|m_axi_gmem_AWID         | out |     1|    m_axi   |     gmem     |    pointer   |
|m_axi_gmem_AWLEN        | out |     8|    m_axi   |     gmem     |    pointer   |
|m_axi_gmem_AWSIZE       | out |     3|    m_axi   |     gmem     |    pointer   |
|m_axi_gmem_AWBURST      | out |     2|    m_axi   |     gmem     |    pointer   |
|m_axi_gmem_AWLOCK       | out |     2|    m_axi   |     gmem     |    pointer   |
|m_axi_gmem_AWCACHE      | out |     4|    m_axi   |     gmem     |    pointer   |
|m_axi_gmem_AWPROT       | out |     3|    m_axi   |     gmem     |    pointer   |
|m_axi_gmem_AWQOS        | out |     4|    m_axi   |     gmem     |    pointer   |
|m_axi_gmem_AWREGION     | out |     4|    m_axi   |     gmem     |    pointer   |
|m_axi_gmem_AWUSER       | out |     1|    m_axi   |     gmem     |    pointer   |
|m_axi_gmem_WVALID       | out |     1|    m_axi   |     gmem     |    pointer   |
|m_axi_gmem_WREADY       |  in |     1|    m_axi   |     gmem     |    pointer   |
|m_axi_gmem_WDATA        | out |  1024|    m_axi   |     gmem     |    pointer   |
|m_axi_gmem_WSTRB        | out |   128|    m_axi   |     gmem     |    pointer   |
|m_axi_gmem_WLAST        | out |     1|    m_axi   |     gmem     |    pointer   |
|m_axi_gmem_WID          | out |     1|    m_axi   |     gmem     |    pointer   |
|m_axi_gmem_WUSER        | out |     1|    m_axi   |     gmem     |    pointer   |
|m_axi_gmem_ARVALID      | out |     1|    m_axi   |     gmem     |    pointer   |
|m_axi_gmem_ARREADY      |  in |     1|    m_axi   |     gmem     |    pointer   |
|m_axi_gmem_ARADDR       | out |    32|    m_axi   |     gmem     |    pointer   |
|m_axi_gmem_ARID         | out |     1|    m_axi   |     gmem     |    pointer   |
|m_axi_gmem_ARLEN        | out |     8|    m_axi   |     gmem     |    pointer   |
|m_axi_gmem_ARSIZE       | out |     3|    m_axi   |     gmem     |    pointer   |
|m_axi_gmem_ARBURST      | out |     2|    m_axi   |     gmem     |    pointer   |
|m_axi_gmem_ARLOCK       | out |     2|    m_axi   |     gmem     |    pointer   |
|m_axi_gmem_ARCACHE      | out |     4|    m_axi   |     gmem     |    pointer   |
|m_axi_gmem_ARPROT       | out |     3|    m_axi   |     gmem     |    pointer   |
|m_axi_gmem_ARQOS        | out |     4|    m_axi   |     gmem     |    pointer   |
|m_axi_gmem_ARREGION     | out |     4|    m_axi   |     gmem     |    pointer   |
|m_axi_gmem_ARUSER       | out |     1|    m_axi   |     gmem     |    pointer   |
|m_axi_gmem_RVALID       |  in |     1|    m_axi   |     gmem     |    pointer   |
|m_axi_gmem_RREADY       | out |     1|    m_axi   |     gmem     |    pointer   |
|m_axi_gmem_RDATA        |  in |  1024|    m_axi   |     gmem     |    pointer   |
|m_axi_gmem_RLAST        |  in |     1|    m_axi   |     gmem     |    pointer   |
|m_axi_gmem_RID          |  in |     1|    m_axi   |     gmem     |    pointer   |
|m_axi_gmem_RUSER        |  in |     1|    m_axi   |     gmem     |    pointer   |
|m_axi_gmem_RRESP        |  in |     2|    m_axi   |     gmem     |    pointer   |
|m_axi_gmem_BVALID       |  in |     1|    m_axi   |     gmem     |    pointer   |
|m_axi_gmem_BREADY       | out |     1|    m_axi   |     gmem     |    pointer   |
|m_axi_gmem_BRESP        |  in |     2|    m_axi   |     gmem     |    pointer   |
|m_axi_gmem_BID          |  in |     1|    m_axi   |     gmem     |    pointer   |
|m_axi_gmem_BUSER        |  in |     1|    m_axi   |     gmem     |    pointer   |
+------------------------+-----+------+------------+--------------+--------------+

