

================================================================
== Vivado HLS Report for 'g_rg_t'
================================================================
* Date:           Sat May 18 22:51:42 2019

* Version:        2018.2 (Build 2258646 on Thu Jun 14 20:25:20 MDT 2018)
* Project:        hls
* Solution:       solution
* Product family: kintexuplus
* Target device:  xcku5p-sfvb784-3-e


================================================================
== Performance Estimates
================================================================
+ Timing (ns): 
    * Summary: 
    +--------+-------+----------+------------+
    |  Clock | Target| Estimated| Uncertainty|
    +--------+-------+----------+------------+
    |ap_clk  |   3.33|     2.917|        0.42|
    +--------+-------+----------+------------+

+ Latency (clock cycles): 
    * Summary: 
    +-----+-----+-----+-----+---------+
    |  Latency  |  Interval | Pipeline|
    | min | max | min | max |   Type  |
    +-----+-----+-----+-----+---------+
    |    ?|    ?|    ?|    ?|   none  |
    +-----+-----+-----+-----+---------+

    + Detail: 
        * Instance: 
        +-------------------+-------+-----+------+-----+------+---------+
        |                   |       |   Latency  |  Interval  | Pipeline|
        |      Instance     | Module| min |  max | min |  max |   Type  |
        +-------------------+-------+-----+------+-----+------+---------+
        |grp_unite_fu_1185  |unite  |    6|  3590|    6|  3590|   none  |
        +-------------------+-------+-----+------+-----+------+---------+

        * Loop: 
        +-------------------+-----+-----+------------+-----------+-----------+--------+----------+
        |                   |  Latency  |  Iteration |  Initiation Interval  |  Trip  |          |
        |     Loop Name     | min | max |   Latency  |  achieved |   target  |  Count | Pipelined|
        +-------------------+-----+-----+------------+-----------+-----------+--------+----------+
        |- transit_loop_rg  |    ?|    ?| 174 ~ 7822 |          -|          -|       ?|    no    |
        | + build_loop      |    0|  240|          15|          -|          -| 0 ~ 16 |    no    |
        | + build_loop      |    0|  240|          15|          -|          -| 0 ~ 16 |    no    |
        | + build_loop      |    0|  240|          15|          -|          -| 0 ~ 16 |    no    |
        | + build_loop      |    0|  240|          15|          -|          -| 0 ~ 16 |    no    |
        | + build_loop      |    0|  240|          15|          -|          -| 0 ~ 16 |    no    |
        | + build_loop      |    0|  240|          15|          -|          -| 0 ~ 16 |    no    |
        | + build_loop      |    0|  240|          15|          -|          -| 0 ~ 16 |    no    |
        | + build_loop      |    0|  240|          15|          -|          -| 0 ~ 16 |    no    |
        | + build_loop      |    0|  240|          15|          -|          -| 0 ~ 16 |    no    |
        | + build_loop      |    0|  240|          15|          -|          -| 0 ~ 16 |    no    |
        | + build_loop      |    0|  240|          15|          -|          -| 0 ~ 16 |    no    |
        | + build_loop      |    0|  240|          15|          -|          -| 0 ~ 16 |    no    |
        | + build_loop      |    0|  240|          15|          -|          -| 0 ~ 16 |    no    |
        | + build_loop      |    0|  240|          15|          -|          -| 0 ~ 16 |    no    |
        | + build_loop      |    0|  240|          15|          -|          -| 0 ~ 16 |    no    |
        | + build_loop      |   15|  240|          15|          -|          -| 1 ~ 16 |    no    |
        +-------------------+-----+-----+------------+-----------+-----------+--------+----------+



================================================================
== Utilization Estimates
================================================================
* Summary: 
+-----------------+---------+-------+--------+--------+-----+
|       Name      | BRAM_18K| DSP48E|   FF   |   LUT  | URAM|
+-----------------+---------+-------+--------+--------+-----+
|DSP              |        -|      -|       -|       -|    -|
|Expression       |        -|      -|       0|   10954|    -|
|FIFO             |        -|      -|       -|       -|    -|
|Instance         |       30|      -|    2920|   16330|    -|
|Memory           |        -|      -|       -|       -|    -|
|Multiplexer      |        -|      -|       -|    2966|    -|
|Register         |        -|      -|   25872|       -|    -|
+-----------------+---------+-------+--------+--------+-----+
|Total            |       30|      0|   28792|   30250|    0|
+-----------------+---------+-------+--------+--------+-----+
|Available        |      960|   1824|  433920|  216960|   64|
+-----------------+---------+-------+--------+--------+-----+
|Utilization (%)  |        3|      0|       6|      13|    0|
+-----------------+---------+-------+--------+--------+-----+

+ Detail: 
    * Instance: 
    +-------------------------+-----------------------+---------+-------+------+-------+
    |         Instance        |         Module        | BRAM_18K| DSP48E|  FF  |  LUT  |
    +-------------------------+-----------------------+---------+-------+------+-------+
    |g_rg_t_AXILiteS_s_axi_U  |g_rg_t_AXILiteS_s_axi  |        0|      0|   182|    296|
    |g_rg_t_control_s_axi_U   |g_rg_t_control_s_axi   |        0|      0|    68|    104|
    |g_rg_t_gmem_m_axi_U      |g_rg_t_gmem_m_axi      |       30|      0|  1415|   1585|
    |grp_unite_fu_1185        |unite                  |        0|      0|  1255|  14345|
    +-------------------------+-----------------------+---------+-------+------+-------+
    |Total                    |                       |       30|      0|  2920|  16330|
    +-------------------------+-----------------------+---------+-------+------+-------+

    * DSP48: 
    N/A

    * Memory: 
    N/A

    * FIFO: 
    N/A

    * Expression: 
    +----------------------------------+----------+-------+---+-----+------------+------------+
    |           Variable Name          | Operation| DSP48E| FF| LUT | Bitwidth P0| Bitwidth P1|
    +----------------------------------+----------+-------+---+-----+------------+------------+
    |adjs_data_V8_sum10_fu_2144_p2     |     +    |      0|  0|   39|          32|          32|
    |adjs_data_V8_sum11_fu_2170_p2     |     +    |      0|  0|   39|          32|          32|
    |adjs_data_V8_sum12_fu_2219_p2     |     +    |      0|  0|   39|          32|          32|
    |adjs_data_V8_sum13_fu_2245_p2     |     +    |      0|  0|   39|          32|          32|
    |adjs_data_V8_sum14_fu_2294_p2     |     +    |      0|  0|   39|          32|          32|
    |adjs_data_V8_sum15_fu_2320_p2     |     +    |      0|  0|   39|          32|          32|
    |adjs_data_V8_sum16_fu_2369_p2     |     +    |      0|  0|   39|          32|          32|
    |adjs_data_V8_sum17_fu_2395_p2     |     +    |      0|  0|   39|          32|          32|
    |adjs_data_V8_sum18_fu_2444_p2     |     +    |      0|  0|   39|          32|          32|
    |adjs_data_V8_sum19_fu_2470_p2     |     +    |      0|  0|   39|          32|          32|
    |adjs_data_V8_sum1_fu_1795_p2      |     +    |      0|  0|   39|          32|          32|
    |adjs_data_V8_sum20_fu_2519_p2     |     +    |      0|  0|   39|          32|          32|
    |adjs_data_V8_sum21_fu_2545_p2     |     +    |      0|  0|   39|          32|          32|
    |adjs_data_V8_sum22_fu_2594_p2     |     +    |      0|  0|   39|          32|          32|
    |adjs_data_V8_sum23_fu_2620_p2     |     +    |      0|  0|   39|          32|          32|
    |adjs_data_V8_sum24_fu_2669_p2     |     +    |      0|  0|   39|          32|          32|
    |adjs_data_V8_sum25_fu_2695_p2     |     +    |      0|  0|   39|          32|          32|
    |adjs_data_V8_sum26_fu_2744_p2     |     +    |      0|  0|   39|          32|          32|
    |adjs_data_V8_sum27_fu_2770_p2     |     +    |      0|  0|   39|          32|          32|
    |adjs_data_V8_sum28_fu_2819_p2     |     +    |      0|  0|   39|          32|          32|
    |adjs_data_V8_sum29_fu_2845_p2     |     +    |      0|  0|   39|          32|          32|
    |adjs_data_V8_sum2_fu_1844_p2      |     +    |      0|  0|   39|          32|          32|
    |adjs_data_V8_sum30_fu_2898_p2     |     +    |      0|  0|   39|          32|          32|
    |adjs_data_V8_sum31_fu_2903_p2     |     +    |      0|  0|   39|          32|          32|
    |adjs_data_V8_sum3_fu_1870_p2      |     +    |      0|  0|   39|          32|          32|
    |adjs_data_V8_sum4_fu_1919_p2      |     +    |      0|  0|   39|          32|          32|
    |adjs_data_V8_sum5_fu_1945_p2      |     +    |      0|  0|   39|          32|          32|
    |adjs_data_V8_sum6_fu_1994_p2      |     +    |      0|  0|   39|          32|          32|
    |adjs_data_V8_sum7_fu_2020_p2      |     +    |      0|  0|   39|          32|          32|
    |adjs_data_V8_sum8_fu_2069_p2      |     +    |      0|  0|   39|          32|          32|
    |adjs_data_V8_sum9_fu_2095_p2      |     +    |      0|  0|   39|          32|          32|
    |adjs_data_V8_sum_fu_1769_p2       |     +    |      0|  0|   39|          32|          32|
    |b_1_10_fu_2580_p2                 |     +    |      0|  0|   15|           6|           2|
    |b_1_11_fu_2655_p2                 |     +    |      0|  0|   15|           6|           2|
    |b_1_12_fu_2730_p2                 |     +    |      0|  0|   15|           6|           2|
    |b_1_13_fu_2805_p2                 |     +    |      0|  0|   15|           6|           2|
    |b_1_14_fu_2884_p2                 |     +    |      0|  0|   15|           6|           2|
    |b_1_1_fu_1830_p2                  |     +    |      0|  0|   15|           6|           2|
    |b_1_2_fu_1905_p2                  |     +    |      0|  0|   15|           6|           2|
    |b_1_3_fu_1980_p2                  |     +    |      0|  0|   15|           6|           2|
    |b_1_4_fu_2055_p2                  |     +    |      0|  0|   15|           6|           2|
    |b_1_5_fu_2130_p2                  |     +    |      0|  0|   15|           6|           2|
    |b_1_6_fu_2205_p2                  |     +    |      0|  0|   15|           6|           2|
    |b_1_7_fu_2280_p2                  |     +    |      0|  0|   15|           6|           2|
    |b_1_8_fu_2355_p2                  |     +    |      0|  0|   15|           6|           2|
    |b_1_9_fu_2430_p2                  |     +    |      0|  0|   15|           6|           2|
    |b_1_fu_1755_p2                    |     +    |      0|  0|   15|           6|           2|
    |b_1_s_fu_2505_p2                  |     +    |      0|  0|   15|           6|           2|
    |g_data_V4_sum_fu_1274_p2          |     +    |      0|  0|   39|          32|          32|
    |i_2_fu_1268_p2                    |     +    |      0|  0|   38|          31|           1|
    |numadjs_10_fu_1652_p2             |     +    |      0|  0|   12|           1|           4|
    |numadjs_11_fu_1668_p2             |     +    |      0|  0|   12|           1|           4|
    |numadjs_12_fu_1687_p2             |     +    |      0|  0|   12|           1|           4|
    |numadjs_13_fu_1706_p2             |     +    |      0|  0|   12|           1|           4|
    |numadjs_14_fu_1727_p2             |     +    |      0|  0|   15|           1|           5|
    |numadjs_1_fu_1633_p2              |     +    |      0|  0|   12|           1|           4|
    |numadjs_2_fu_1480_p2              |     +    |      0|  0|    9|           1|           2|
    |numadjs_3_fu_1502_p2              |     +    |      0|  0|   11|           1|           3|
    |numadjs_4_fu_1521_p2              |     +    |      0|  0|   11|           1|           3|
    |numadjs_5_fu_1540_p2              |     +    |      0|  0|   11|           1|           3|
    |numadjs_6_fu_1556_p2              |     +    |      0|  0|   11|           1|           3|
    |numadjs_7_fu_1579_p2              |     +    |      0|  0|   12|           1|           4|
    |numadjs_8_fu_1598_p2              |     +    |      0|  0|   12|           1|           4|
    |numadjs_9_fu_1614_p2              |     +    |      0|  0|   12|           1|           4|
    |out_data_V6_sum_fu_3415_p2        |     +    |      0|  0|   39|          32|          32|
    |rg_data_V2_sum10_fu_2527_p2       |     +    |      0|  0|   40|          33|          33|
    |rg_data_V2_sum11_fu_2602_p2       |     +    |      0|  0|   40|          33|          33|
    |rg_data_V2_sum12_fu_2677_p2       |     +    |      0|  0|   40|          33|          33|
    |rg_data_V2_sum13_fu_2752_p2       |     +    |      0|  0|   40|          33|          33|
    |rg_data_V2_sum14_fu_2827_p2       |     +    |      0|  0|   40|          33|          33|
    |rg_data_V2_sum15_fu_2911_p2       |     +    |      0|  0|   40|          33|          33|
    |rg_data_V2_sum1_fu_1852_p2        |     +    |      0|  0|   40|          33|          33|
    |rg_data_V2_sum2_fu_1927_p2        |     +    |      0|  0|   40|          33|          33|
    |rg_data_V2_sum3_fu_2002_p2        |     +    |      0|  0|   40|          33|          33|
    |rg_data_V2_sum4_fu_2077_p2        |     +    |      0|  0|   40|          33|          33|
    |rg_data_V2_sum5_fu_2152_p2        |     +    |      0|  0|   40|          33|          33|
    |rg_data_V2_sum6_fu_2227_p2        |     +    |      0|  0|   40|          33|          33|
    |rg_data_V2_sum7_fu_2302_p2        |     +    |      0|  0|   40|          33|          33|
    |rg_data_V2_sum8_fu_2377_p2        |     +    |      0|  0|   40|          33|          33|
    |rg_data_V2_sum9_fu_2452_p2        |     +    |      0|  0|   40|          33|          33|
    |rg_data_V2_sum_fu_1777_p2         |     +    |      0|  0|   40|          33|          33|
    |ap_block_state164                 |    and   |      0|  0|    2|           1|           1|
    |ap_block_state193                 |    and   |      0|  0|    2|           1|           1|
    |ap_block_state222                 |    and   |      0|  0|    2|           1|           1|
    |ap_block_state251                 |    and   |      0|  0|    2|           1|           1|
    |ap_block_state280                 |    and   |      0|  0|    2|           1|           1|
    |ap_block_state2_io                |    and   |      0|  0|    2|           1|           1|
    |ap_block_state309                 |    and   |      0|  0|    2|           1|           1|
    |ap_block_state338                 |    and   |      0|  0|    2|           1|           1|
    |ap_block_state367                 |    and   |      0|  0|    2|           1|           1|
    |ap_block_state396                 |    and   |      0|  0|    2|           1|           1|
    |ap_block_state425                 |    and   |      0|  0|    2|           1|           1|
    |ap_block_state454                 |    and   |      0|  0|    2|           1|           1|
    |ap_block_state483                 |    and   |      0|  0|    2|           1|           1|
    |ap_block_state512                 |    and   |      0|  0|    2|           1|           1|
    |ap_block_state541                 |    and   |      0|  0|    2|           1|           1|
    |ap_block_state570                 |    and   |      0|  0|    2|           1|           1|
    |ap_block_state599                 |    and   |      0|  0|    2|           1|           1|
    |tmp_4_10_fu_1647_p2               |   icmp   |      0|  0|   20|          32|           2|
    |tmp_4_11_fu_1663_p2               |   icmp   |      0|  0|   20|          32|           2|
    |tmp_4_12_fu_1682_p2               |   icmp   |      0|  0|   20|          32|           2|
    |tmp_4_13_fu_1701_p2               |   icmp   |      0|  0|   20|          32|           2|
    |tmp_4_14_fu_1722_p2               |   icmp   |      0|  0|   20|          32|           2|
    |tmp_4_1_fu_1447_p2                |   icmp   |      0|  0|   20|          32|           2|
    |tmp_4_2_fu_1452_p2                |   icmp   |      0|  0|   20|          32|           2|
    |tmp_4_3_fu_1497_p2                |   icmp   |      0|  0|   20|          32|           2|
    |tmp_4_4_fu_1516_p2                |   icmp   |      0|  0|   20|          32|           2|
    |tmp_4_5_fu_1535_p2                |   icmp   |      0|  0|   20|          32|           2|
    |tmp_4_6_fu_1551_p2                |   icmp   |      0|  0|   20|          32|           2|
    |tmp_4_7_fu_1574_p2                |   icmp   |      0|  0|   20|          32|           2|
    |tmp_4_8_fu_1593_p2                |   icmp   |      0|  0|   20|          32|           2|
    |tmp_4_9_fu_1609_p2                |   icmp   |      0|  0|   20|          32|           2|
    |tmp_4_fu_1442_p2                  |   icmp   |      0|  0|   20|          32|           2|
    |tmp_4_s_fu_1628_p2                |   icmp   |      0|  0|   20|          32|           2|
    |tmp_6_10_fu_3311_p2               |   icmp   |      0|  0|   20|          32|          32|
    |tmp_6_11_fu_3343_p2               |   icmp   |      0|  0|   20|          32|          32|
    |tmp_6_12_fu_3378_p2               |   icmp   |      0|  0|   20|          32|          32|
    |tmp_6_13_fu_3410_p2               |   icmp   |      0|  0|   20|          32|          32|
    |tmp_6_14_fu_3446_p2               |   icmp   |      0|  0|   20|          32|          32|
    |tmp_6_1_fu_2982_p2                |   icmp   |      0|  0|   20|          32|          32|
    |tmp_6_2_fu_3014_p2                |   icmp   |      0|  0|   20|          32|          32|
    |tmp_6_3_fu_3046_p2                |   icmp   |      0|  0|   20|          32|          32|
    |tmp_6_4_fu_3081_p2                |   icmp   |      0|  0|   20|          32|          32|
    |tmp_6_5_fu_3113_p2                |   icmp   |      0|  0|   20|          32|          32|
    |tmp_6_6_fu_3145_p2                |   icmp   |      0|  0|   20|          32|          32|
    |tmp_6_7_fu_3180_p2                |   icmp   |      0|  0|   20|          32|          32|
    |tmp_6_8_fu_3212_p2                |   icmp   |      0|  0|   20|          32|          32|
    |tmp_6_9_fu_3244_p2                |   icmp   |      0|  0|   20|          32|          32|
    |tmp_6_fu_2950_p2                  |   icmp   |      0|  0|   20|          32|           1|
    |tmp_6_s_fu_3279_p2                |   icmp   |      0|  0|   20|          32|          32|
    |tmp_7_10_fu_2574_p2               |   icmp   |      0|  0|   11|           6|           1|
    |tmp_7_11_fu_2649_p2               |   icmp   |      0|  0|   11|           6|           1|
    |tmp_7_12_fu_2724_p2               |   icmp   |      0|  0|   11|           6|           1|
    |tmp_7_13_fu_2799_p2               |   icmp   |      0|  0|   11|           6|           1|
    |tmp_7_14_fu_2874_p2               |   icmp   |      0|  0|   11|           6|           1|
    |tmp_7_1_fu_1824_p2                |   icmp   |      0|  0|   11|           6|           1|
    |tmp_7_2_fu_1899_p2                |   icmp   |      0|  0|   11|           6|           1|
    |tmp_7_3_fu_1974_p2                |   icmp   |      0|  0|   11|           6|           1|
    |tmp_7_4_fu_2049_p2                |   icmp   |      0|  0|   11|           6|           1|
    |tmp_7_5_fu_2124_p2                |   icmp   |      0|  0|   11|           6|           1|
    |tmp_7_6_fu_2199_p2                |   icmp   |      0|  0|   11|           6|           1|
    |tmp_7_7_fu_2274_p2                |   icmp   |      0|  0|   11|           6|           1|
    |tmp_7_8_fu_2349_p2                |   icmp   |      0|  0|   11|           6|           1|
    |tmp_7_9_fu_2424_p2                |   icmp   |      0|  0|   11|           6|           1|
    |tmp_7_fu_1749_p2                  |   icmp   |      0|  0|   11|           6|           1|
    |tmp_7_s_fu_2499_p2                |   icmp   |      0|  0|   11|           6|           1|
    |tmp_fu_1263_p2                    |   icmp   |      0|  0|   20|          32|          32|
    |ap_block_state122_io              |    or    |      0|  0|    2|           1|           1|
    |adj_out_data_V_3_10_fu_3327_p3    |  select  |      0|  0|  476|           1|         512|
    |adj_out_data_V_3_11_fu_3360_p3    |  select  |      0|  0|  476|           1|         512|
    |adj_out_data_V_3_12_fu_3393_p3    |  select  |      0|  0|  476|           1|         512|
    |adj_out_data_V_3_13_fu_3430_p3    |  select  |      0|  0|  476|           1|         512|
    |adj_out_data_V_3_14_fu_3463_p3    |  select  |      0|  0|  476|           1|         512|
    |adj_out_data_V_3_1_fu_2998_p3     |  select  |      0|  0|  476|           1|         512|
    |adj_out_data_V_3_2_fu_3030_p3     |  select  |      0|  0|  476|           1|         512|
    |adj_out_data_V_3_3_fu_3063_p3     |  select  |      0|  0|  476|           1|         512|
    |adj_out_data_V_3_4_fu_3096_p3     |  select  |      0|  0|  476|           1|         512|
    |adj_out_data_V_3_5_fu_3129_p3     |  select  |      0|  0|  476|           1|         512|
    |adj_out_data_V_3_6_fu_3162_p3     |  select  |      0|  0|  476|           1|         512|
    |adj_out_data_V_3_7_fu_3195_p3     |  select  |      0|  0|  476|           1|         512|
    |adj_out_data_V_3_8_fu_3228_p3     |  select  |      0|  0|  476|           1|         512|
    |adj_out_data_V_3_9_fu_3261_p3     |  select  |      0|  0|  476|           1|         512|
    |adj_out_data_V_3_fu_2965_p3       |  select  |      0|  0|  476|           1|         512|
    |adj_out_data_V_3_s_fu_3294_p3     |  select  |      0|  0|  476|           1|         512|
    |numadjs_1_11_numadjs_fu_1674_p3   |  select  |      0|  0|    4|           1|           4|
    |numadjs_1_13_numadjs_fu_1711_p3   |  select  |      0|  0|    4|           1|           4|
    |numadjs_1_1_fu_1473_p3            |  select  |      0|  0|    2|           1|           2|
    |numadjs_1_1_numadjs_2_fu_1486_p3  |  select  |      0|  0|    2|           1|           2|
    |numadjs_1_2_fu_1693_p3            |  select  |      0|  0|    4|           1|           4|
    |numadjs_1_3_fu_1508_p3            |  select  |      0|  0|    3|           1|           3|
    |numadjs_1_3_numadjs_4_fu_1527_p3  |  select  |      0|  0|    3|           1|           3|
    |numadjs_1_4_fu_1733_p3            |  select  |      0|  0|    5|           1|           5|
    |numadjs_1_5_fu_1545_p3            |  select  |      0|  0|    3|           1|           3|
    |numadjs_1_5_numadjs_6_fu_1562_p3  |  select  |      0|  0|    3|           1|           3|
    |numadjs_1_7_fu_1585_p3            |  select  |      0|  0|    4|           1|           4|
    |numadjs_1_7_numadjs_8_fu_1603_p3  |  select  |      0|  0|    4|           1|           4|
    |numadjs_1_9_fu_1620_p3            |  select  |      0|  0|    4|           1|           4|
    |numadjs_1_9_numadjs_s_fu_1639_p3  |  select  |      0|  0|    4|           1|           4|
    |numadjs_1_s_fu_1657_p3            |  select  |      0|  0|    4|           1|           4|
    |numadjs_s_fu_1466_p3              |  select  |      0|  0|    3|           1|           1|
    |not_tmp_4_fu_1457_p2              |    xor   |      0|  0|    2|           1|           2|
    +----------------------------------+----------+-------+---+-----+------------+------------+
    |Total                             |          |      0|  0|10954|        2960|       10527|
    +----------------------------------+----------+-------+---+-----+------------+------------+

    * Multiplexer: 
    +-----------------------------+------+-----------+-----+-----------+
    |             Name            |  LUT | Input Size| Bits| Total Bits|
    +-----------------------------+------+-----------+-----+-----------+
    |ap_NS_fsm                    |  2193|        618|    1|        618|
    |ap_sig_ioackin_gmem_ARREADY  |     9|          2|    1|          2|
    |ap_sig_ioackin_gmem_AWREADY  |     9|          2|    1|          2|
    |ap_sig_ioackin_gmem_WREADY   |     9|          2|    1|          2|
    |b1_10_reg_1140               |     9|          2|    6|         12|
    |b1_11_reg_1149               |     9|          2|    6|         12|
    |b1_12_reg_1158               |     9|          2|    6|         12|
    |b1_13_reg_1167               |     9|          2|    6|         12|
    |b1_14_reg_1176               |     9|          2|    6|         12|
    |b1_1_reg_1050                |     9|          2|    6|         12|
    |b1_2_reg_1059                |     9|          2|    6|         12|
    |b1_3_reg_1068                |     9|          2|    6|         12|
    |b1_4_reg_1077                |     9|          2|    6|         12|
    |b1_5_reg_1086                |     9|          2|    6|         12|
    |b1_6_reg_1095                |     9|          2|    6|         12|
    |b1_7_reg_1104                |     9|          2|    6|         12|
    |b1_8_reg_1113                |     9|          2|    6|         12|
    |b1_9_reg_1122                |     9|          2|    6|         12|
    |b1_reg_1041                  |     9|          2|    6|         12|
    |b1_s_reg_1131                |     9|          2|    6|         12|
    |gmem_ARADDR                  |   157|         35|   32|       1120|
    |gmem_ARBURST                 |     9|          2|    2|          4|
    |gmem_ARCACHE                 |     9|          2|    4|          8|
    |gmem_ARID                    |     9|          2|    1|          2|
    |gmem_ARLEN                   |    15|          3|   32|         96|
    |gmem_ARLOCK                  |     9|          2|    2|          4|
    |gmem_ARPROT                  |     9|          2|    3|          6|
    |gmem_ARQOS                   |     9|          2|    4|          8|
    |gmem_ARREGION                |     9|          2|    4|          8|
    |gmem_ARSIZE                  |     9|          2|    3|          6|
    |gmem_ARUSER                  |     9|          2|    1|          2|
    |gmem_ARVALID                 |    15|          3|    1|          3|
    |gmem_AWADDR                  |    93|         19|   32|        608|
    |gmem_AWLEN                   |    15|          3|   32|         96|
    |gmem_RREADY                  |    15|          3|    1|          3|
    |gmem_WDATA                   |   157|         35|  512|      17920|
    |gmem_blk_n_AR                |     9|          2|    1|          2|
    |gmem_blk_n_AW                |     9|          2|    1|          2|
    |gmem_blk_n_B                 |     9|          2|    1|          2|
    |gmem_blk_n_R                 |     9|          2|    1|          2|
    |gmem_blk_n_W                 |     9|          2|    1|          2|
    |i_reg_1030                   |     9|          2|   31|         62|
    +-----------------------------+------+-----------+-----+-----------+
    |Total                        |  2966|        787|  802|      20782|
    +-----------------------------+------+-----------+-----+-----------+

    * Register: 
    +--------------------------------+-----+----+-----+-----------+
    |              Name              |  FF | LUT| Bits| Const Bits|
    +--------------------------------+-----+----+-----+-----------+
    |N_read_reg_3481                 |   32|   0|   32|          0|
    |adj_out_data_V_3_11_reg_4826    |  512|   0|  512|          0|
    |adj_out_data_V_3_12_reg_4837    |  512|   0|  512|          0|
    |adj_out_data_V_3_14_reg_4853    |  512|   0|  512|          0|
    |adj_out_data_V_3_1_reg_4749     |  512|   0|  512|          0|
    |adj_out_data_V_3_3_reg_4760     |  512|   0|  512|          0|
    |adj_out_data_V_3_4_reg_4771     |  512|   0|  512|          0|
    |adj_out_data_V_3_6_reg_4782     |  512|   0|  512|          0|
    |adj_out_data_V_3_7_reg_4793     |  512|   0|  512|          0|
    |adj_out_data_V_3_9_reg_4804     |  512|   0|  512|          0|
    |adj_out_data_V_3_reg_4738       |  512|   0|  512|          0|
    |adj_out_data_V_3_s_reg_4815     |  512|   0|  512|          0|
    |adj_out_data_V_reg_4727         |    0|   0|  512|        512|
    |adjs_data_V7_reg_3486           |   26|   0|   26|          0|
    |adjs_data_V8_sum10_reg_4129     |   32|   0|   32|          0|
    |adjs_data_V8_sum11_reg_4145     |   32|   0|   32|          0|
    |adjs_data_V8_sum12_reg_4185     |   32|   0|   32|          0|
    |adjs_data_V8_sum13_reg_4201     |   32|   0|   32|          0|
    |adjs_data_V8_sum14_reg_4241     |   32|   0|   32|          0|
    |adjs_data_V8_sum15_reg_4257     |   32|   0|   32|          0|
    |adjs_data_V8_sum16_reg_4297     |   32|   0|   32|          0|
    |adjs_data_V8_sum17_reg_4313     |   32|   0|   32|          0|
    |adjs_data_V8_sum18_reg_4353     |   32|   0|   32|          0|
    |adjs_data_V8_sum19_reg_4369     |   32|   0|   32|          0|
    |adjs_data_V8_sum1_reg_3865      |   32|   0|   32|          0|
    |adjs_data_V8_sum20_reg_4409     |   32|   0|   32|          0|
    |adjs_data_V8_sum21_reg_4425     |   32|   0|   32|          0|
    |adjs_data_V8_sum22_reg_4465     |   32|   0|   32|          0|
    |adjs_data_V8_sum23_reg_4481     |   32|   0|   32|          0|
    |adjs_data_V8_sum24_reg_4521     |   32|   0|   32|          0|
    |adjs_data_V8_sum25_reg_4537     |   32|   0|   32|          0|
    |adjs_data_V8_sum26_reg_4577     |   32|   0|   32|          0|
    |adjs_data_V8_sum27_reg_4593     |   32|   0|   32|          0|
    |adjs_data_V8_sum28_reg_4633     |   32|   0|   32|          0|
    |adjs_data_V8_sum29_reg_4649     |   32|   0|   32|          0|
    |adjs_data_V8_sum2_reg_3905      |   32|   0|   32|          0|
    |adjs_data_V8_sum30_reg_4684     |   32|   0|   32|          0|
    |adjs_data_V8_sum31_reg_4689     |   32|   0|   32|          0|
    |adjs_data_V8_sum3_reg_3921      |   32|   0|   32|          0|
    |adjs_data_V8_sum4_reg_3961      |   32|   0|   32|          0|
    |adjs_data_V8_sum5_reg_3977      |   32|   0|   32|          0|
    |adjs_data_V8_sum6_reg_4017      |   32|   0|   32|          0|
    |adjs_data_V8_sum7_reg_4033      |   32|   0|   32|          0|
    |adjs_data_V8_sum8_reg_4073      |   32|   0|   32|          0|
    |adjs_data_V8_sum9_reg_4089      |   32|   0|   32|          0|
    |adjs_data_V8_sum_reg_3849       |   32|   0|   32|          0|
    |ap_CS_fsm                       |  617|   0|  617|          0|
    |ap_reg_ioackin_gmem_ARREADY     |    1|   0|    1|          0|
    |ap_reg_ioackin_gmem_AWREADY     |    1|   0|    1|          0|
    |ap_reg_ioackin_gmem_WREADY      |    1|   0|    1|          0|
    |b1_10_cast_reg_4452             |   31|   0|   31|          0|
    |b1_10_reg_1140                  |    6|   0|    6|          0|
    |b1_11_cast_reg_4508             |   31|   0|   31|          0|
    |b1_11_reg_1149                  |    6|   0|    6|          0|
    |b1_12_cast_reg_4564             |   31|   0|   31|          0|
    |b1_12_reg_1158                  |    6|   0|    6|          0|
    |b1_13_cast_reg_4620             |   31|   0|   31|          0|
    |b1_13_reg_1167                  |    6|   0|    6|          0|
    |b1_14_reg_1176                  |    6|   0|    6|          0|
    |b1_1_cast_reg_3892              |   31|   0|   31|          0|
    |b1_1_reg_1050                   |    6|   0|    6|          0|
    |b1_2_cast_reg_3948              |   31|   0|   31|          0|
    |b1_2_reg_1059                   |    6|   0|    6|          0|
    |b1_3_cast_reg_4004              |   31|   0|   31|          0|
    |b1_3_reg_1068                   |    6|   0|    6|          0|
    |b1_4_cast_reg_4060              |   31|   0|   31|          0|
    |b1_4_reg_1077                   |    6|   0|    6|          0|
    |b1_5_cast_reg_4116              |   31|   0|   31|          0|
    |b1_5_reg_1086                   |    6|   0|    6|          0|
    |b1_6_cast_reg_4172              |   31|   0|   31|          0|
    |b1_6_reg_1095                   |    6|   0|    6|          0|
    |b1_7_cast_reg_4228              |   31|   0|   31|          0|
    |b1_7_reg_1104                   |    6|   0|    6|          0|
    |b1_8_cast_reg_4284              |   31|   0|   31|          0|
    |b1_8_reg_1113                   |    6|   0|    6|          0|
    |b1_9_cast_reg_4340              |   31|   0|   31|          0|
    |b1_9_reg_1122                   |    6|   0|    6|          0|
    |b1_cast_36_reg_4396             |   31|   0|   31|          0|
    |b1_cast_reg_3836                |   31|   0|   31|          0|
    |b1_reg_1041                     |    6|   0|    6|          0|
    |b1_s_reg_1131                   |    6|   0|    6|          0|
    |b_1_10_reg_4460                 |    6|   0|    6|          0|
    |b_1_11_reg_4516                 |    6|   0|    6|          0|
    |b_1_12_reg_4572                 |    6|   0|    6|          0|
    |b_1_13_reg_4628                 |    6|   0|    6|          0|
    |b_1_14_reg_4679                 |    6|   0|    6|          0|
    |b_1_1_reg_3900                  |    6|   0|    6|          0|
    |b_1_2_reg_3956                  |    6|   0|    6|          0|
    |b_1_3_reg_4012                  |    6|   0|    6|          0|
    |b_1_4_reg_4068                  |    6|   0|    6|          0|
    |b_1_5_reg_4124                  |    6|   0|    6|          0|
    |b_1_6_reg_4180                  |    6|   0|    6|          0|
    |b_1_7_reg_4236                  |    6|   0|    6|          0|
    |b_1_8_reg_4292                  |    6|   0|    6|          0|
    |b_1_9_reg_4348                  |    6|   0|    6|          0|
    |b_1_reg_3844                    |    6|   0|    6|          0|
    |b_1_s_reg_4404                  |    6|   0|    6|          0|
    |g_data_V4_sum_reg_3609          |   32|   0|   32|          0|
    |gmem_addr_11_read_reg_4055      |  512|   0|  512|          0|
    |gmem_addr_12_read_reg_4038      |  512|   0|  512|          0|
    |gmem_addr_14_read_reg_4111      |  512|   0|  512|          0|
    |gmem_addr_15_read_reg_4094      |  512|   0|  512|          0|
    |gmem_addr_17_read_reg_4167      |  512|   0|  512|          0|
    |gmem_addr_18_read_reg_4150      |  512|   0|  512|          0|
    |gmem_addr_20_read_reg_4223      |  512|   0|  512|          0|
    |gmem_addr_21_read_reg_4206      |  512|   0|  512|          0|
    |gmem_addr_23_read_reg_4279      |  512|   0|  512|          0|
    |gmem_addr_24_read_reg_4262      |  512|   0|  512|          0|
    |gmem_addr_26_read_reg_4335      |  512|   0|  512|          0|
    |gmem_addr_27_read_reg_4318      |  512|   0|  512|          0|
    |gmem_addr_29_read_reg_4391      |  512|   0|  512|          0|
    |gmem_addr_2_read_reg_3887       |  512|   0|  512|          0|
    |gmem_addr_30_read_reg_4374      |  512|   0|  512|          0|
    |gmem_addr_32_read_reg_4447      |  512|   0|  512|          0|
    |gmem_addr_33_read_reg_4430      |  512|   0|  512|          0|
    |gmem_addr_35_read_reg_4503      |  512|   0|  512|          0|
    |gmem_addr_36_read_reg_4486      |  512|   0|  512|          0|
    |gmem_addr_38_read_reg_4559      |  512|   0|  512|          0|
    |gmem_addr_39_read_reg_4542      |  512|   0|  512|          0|
    |gmem_addr_3_read_reg_3870       |  512|   0|  512|          0|
    |gmem_addr_41_read_reg_4615      |  512|   0|  512|          0|
    |gmem_addr_42_read_reg_4598      |  512|   0|  512|          0|
    |gmem_addr_44_read_reg_4671      |  512|   0|  512|          0|
    |gmem_addr_45_read_reg_4654      |  512|   0|  512|          0|
    |gmem_addr_47_read_reg_4722      |  512|   0|  512|          0|
    |gmem_addr_48_read_reg_4705      |  512|   0|  512|          0|
    |gmem_addr_5_read_reg_3943       |  512|   0|  512|          0|
    |gmem_addr_6_read_reg_3926       |  512|   0|  512|          0|
    |gmem_addr_8_read_reg_3999       |  512|   0|  512|          0|
    |gmem_addr_9_read_reg_3982       |  512|   0|  512|          0|
    |gmem_addr_reg_3527              |   26|   0|   32|          6|
    |i_2_reg_3604                    |   31|   0|   31|          0|
    |i_cast_reg_3579                 |   31|   0|   32|          1|
    |i_reg_1030                      |   31|   0|   31|          0|
    |numadjs_1_2_reg_3797            |    4|   0|    4|          0|
    |numadjs_1_3_numadjs_4_reg_3740  |    3|   0|    3|          0|
    |numadjs_1_4_cast1_ca_reg_3816   |    5|   0|    6|          1|
    |numadjs_1_7_reg_3759            |    4|   0|    4|          0|
    |numadjs_1_9_numadjs_s_reg_3778  |    4|   0|    4|          0|
    |out_data_V6_sum_reg_4848        |   32|   0|   32|          0|
    |p_Result_14_10_reg_3686         |   32|   0|   32|          0|
    |p_Result_14_11_reg_3692         |   32|   0|   32|          0|
    |p_Result_14_12_reg_3698         |   32|   0|   32|          0|
    |p_Result_14_13_reg_3704         |   32|   0|   32|          0|
    |p_Result_14_14_reg_3710         |   32|   0|   32|          0|
    |p_Result_14_1_reg_3626          |   32|   0|   32|          0|
    |p_Result_14_2_reg_3632          |   32|   0|   32|          0|
    |p_Result_14_3_reg_3638          |   32|   0|   32|          0|
    |p_Result_14_4_reg_3644          |   32|   0|   32|          0|
    |p_Result_14_5_reg_3650          |   32|   0|   32|          0|
    |p_Result_14_6_reg_3656          |   32|   0|   32|          0|
    |p_Result_14_7_reg_3662          |   32|   0|   32|          0|
    |p_Result_14_8_reg_3668          |   32|   0|   32|          0|
    |p_Result_14_9_reg_3674          |   32|   0|   32|          0|
    |p_Result_14_s_reg_3680          |   32|   0|   32|          0|
    |p_Result_16_12_reg_4832         |   32|   0|   32|          0|
    |p_Result_16_4_reg_4766          |   32|   0|   32|          0|
    |p_Result_16_7_reg_4788          |   32|   0|   32|          0|
    |p_Result_16_s_reg_4810          |   32|   0|   32|          0|
    |rg_data_V2_sum10_reg_4414       |   33|   0|   33|          0|
    |rg_data_V2_sum11_reg_4470       |   33|   0|   33|          0|
    |rg_data_V2_sum12_reg_4526       |   33|   0|   33|          0|
    |rg_data_V2_sum13_reg_4582       |   33|   0|   33|          0|
    |rg_data_V2_sum14_reg_4638       |   33|   0|   33|          0|
    |rg_data_V2_sum15_reg_4694       |   33|   0|   33|          0|
    |rg_data_V2_sum1_reg_3910        |   33|   0|   33|          0|
    |rg_data_V2_sum2_reg_3966        |   33|   0|   33|          0|
    |rg_data_V2_sum3_reg_4022        |   33|   0|   33|          0|
    |rg_data_V2_sum4_reg_4078        |   33|   0|   33|          0|
    |rg_data_V2_sum5_reg_4134        |   33|   0|   33|          0|
    |rg_data_V2_sum6_reg_4190        |   33|   0|   33|          0|
    |rg_data_V2_sum7_reg_4246        |   33|   0|   33|          0|
    |rg_data_V2_sum8_reg_4302        |   33|   0|   33|          0|
    |rg_data_V2_sum9_reg_4358        |   33|   0|   33|          0|
    |rg_data_V2_sum_reg_3854         |   33|   0|   33|          0|
    |tmp_28_cast_reg_3491            |   26|   0|   32|          6|
    |tmp_29_cast_reg_3549            |   26|   0|   32|          6|
    |tmp_30_cast_reg_3554            |   26|   0|   32|          6|
    |tmp_31_cast_reg_3559            |   26|   0|   33|          7|
    |tmp_4_10_reg_3784               |    1|   0|    1|          0|
    |tmp_4_11_reg_3789               |    1|   0|    1|          0|
    |tmp_4_12_reg_3793               |    1|   0|    1|          0|
    |tmp_4_13_reg_3803               |    1|   0|    1|          0|
    |tmp_4_14_reg_3807               |    1|   0|    1|          0|
    |tmp_4_1_reg_3722                |    1|   0|    1|          0|
    |tmp_4_2_reg_3727                |    1|   0|    1|          0|
    |tmp_4_3_reg_3732                |    1|   0|    1|          0|
    |tmp_4_4_reg_3736                |    1|   0|    1|          0|
    |tmp_4_5_reg_3746                |    1|   0|    1|          0|
    |tmp_4_6_reg_3751                |    1|   0|    1|          0|
    |tmp_4_7_reg_3755                |    1|   0|    1|          0|
    |tmp_4_8_reg_3765                |    1|   0|    1|          0|
    |tmp_4_9_reg_3770                |    1|   0|    1|          0|
    |tmp_4_reg_3716                  |    1|   0|    1|          0|
    |tmp_4_s_reg_3774                |    1|   0|    1|          0|
    |tmp_57_reg_3620                 |   32|   0|   32|          0|
    |tmp_58_reg_4733                 |    0|   0|   32|         32|
    |tmp_6_10_reg_4821               |    1|   0|    1|          0|
    |tmp_6_13_reg_4843               |    1|   0|    1|          0|
    |tmp_6_1_reg_4744                |    1|   0|    1|          0|
    |tmp_6_2_reg_4755                |    1|   0|    1|          0|
    |tmp_6_5_reg_4777                |    1|   0|    1|          0|
    |tmp_6_8_reg_4799                |    1|   0|    1|          0|
    +--------------------------------+-----+----+-----+-----------+
    |Total                           |25872|   0|26449|        577|
    +--------------------------------+-----+----+-----+-----------+



================================================================
== Interface
================================================================
* Summary: 
+------------------------+-----+-----+------------+--------------+--------------+
|        RTL Ports       | Dir | Bits|  Protocol  | Source Object|    C Type    |
+------------------------+-----+-----+------------+--------------+--------------+
|s_axi_AXILiteS_AWVALID  |  in |    1|    s_axi   |   AXILiteS   |    scalar    |
|s_axi_AXILiteS_AWREADY  | out |    1|    s_axi   |   AXILiteS   |    scalar    |
|s_axi_AXILiteS_AWADDR   |  in |    6|    s_axi   |   AXILiteS   |    scalar    |
|s_axi_AXILiteS_WVALID   |  in |    1|    s_axi   |   AXILiteS   |    scalar    |
|s_axi_AXILiteS_WREADY   | out |    1|    s_axi   |   AXILiteS   |    scalar    |
|s_axi_AXILiteS_WDATA    |  in |   32|    s_axi   |   AXILiteS   |    scalar    |
|s_axi_AXILiteS_WSTRB    |  in |    4|    s_axi   |   AXILiteS   |    scalar    |
|s_axi_AXILiteS_ARVALID  |  in |    1|    s_axi   |   AXILiteS   |    scalar    |
|s_axi_AXILiteS_ARREADY  | out |    1|    s_axi   |   AXILiteS   |    scalar    |
|s_axi_AXILiteS_ARADDR   |  in |    6|    s_axi   |   AXILiteS   |    scalar    |
|s_axi_AXILiteS_RVALID   | out |    1|    s_axi   |   AXILiteS   |    scalar    |
|s_axi_AXILiteS_RREADY   |  in |    1|    s_axi   |   AXILiteS   |    scalar    |
|s_axi_AXILiteS_RDATA    | out |   32|    s_axi   |   AXILiteS   |    scalar    |
|s_axi_AXILiteS_RRESP    | out |    2|    s_axi   |   AXILiteS   |    scalar    |
|s_axi_AXILiteS_BVALID   | out |    1|    s_axi   |   AXILiteS   |    scalar    |
|s_axi_AXILiteS_BREADY   |  in |    1|    s_axi   |   AXILiteS   |    scalar    |
|s_axi_AXILiteS_BRESP    | out |    2|    s_axi   |   AXILiteS   |    scalar    |
|s_axi_control_AWVALID   |  in |    1|    s_axi   |    control   |    scalar    |
|s_axi_control_AWREADY   | out |    1|    s_axi   |    control   |    scalar    |
|s_axi_control_AWADDR    |  in |    5|    s_axi   |    control   |    scalar    |
|s_axi_control_WVALID    |  in |    1|    s_axi   |    control   |    scalar    |
|s_axi_control_WREADY    | out |    1|    s_axi   |    control   |    scalar    |
|s_axi_control_WDATA     |  in |   32|    s_axi   |    control   |    scalar    |
|s_axi_control_WSTRB     |  in |    4|    s_axi   |    control   |    scalar    |
|s_axi_control_ARVALID   |  in |    1|    s_axi   |    control   |    scalar    |
|s_axi_control_ARREADY   | out |    1|    s_axi   |    control   |    scalar    |
|s_axi_control_ARADDR    |  in |    5|    s_axi   |    control   |    scalar    |
|s_axi_control_RVALID    | out |    1|    s_axi   |    control   |    scalar    |
|s_axi_control_RREADY    |  in |    1|    s_axi   |    control   |    scalar    |
|s_axi_control_RDATA     | out |   32|    s_axi   |    control   |    scalar    |
|s_axi_control_RRESP     | out |    2|    s_axi   |    control   |    scalar    |
|s_axi_control_BVALID    | out |    1|    s_axi   |    control   |    scalar    |
|s_axi_control_BREADY    |  in |    1|    s_axi   |    control   |    scalar    |
|s_axi_control_BRESP     | out |    2|    s_axi   |    control   |    scalar    |
|ap_clk                  |  in |    1| ap_ctrl_hs |    g_rg_t    | return value |
|ap_rst_n                |  in |    1| ap_ctrl_hs |    g_rg_t    | return value |
|ap_start                |  in |    1| ap_ctrl_hs |    g_rg_t    | return value |
|ap_done                 | out |    1| ap_ctrl_hs |    g_rg_t    | return value |
|ap_idle                 | out |    1| ap_ctrl_hs |    g_rg_t    | return value |
|ap_ready                | out |    1| ap_ctrl_hs |    g_rg_t    | return value |
|m_axi_gmem_AWVALID      | out |    1|    m_axi   |     gmem     |    pointer   |
|m_axi_gmem_AWREADY      |  in |    1|    m_axi   |     gmem     |    pointer   |
|m_axi_gmem_AWADDR       | out |   32|    m_axi   |     gmem     |    pointer   |
|m_axi_gmem_AWID         | out |    1|    m_axi   |     gmem     |    pointer   |
|m_axi_gmem_AWLEN        | out |    8|    m_axi   |     gmem     |    pointer   |
|m_axi_gmem_AWSIZE       | out |    3|    m_axi   |     gmem     |    pointer   |
|m_axi_gmem_AWBURST      | out |    2|    m_axi   |     gmem     |    pointer   |
|m_axi_gmem_AWLOCK       | out |    2|    m_axi   |     gmem     |    pointer   |
|m_axi_gmem_AWCACHE      | out |    4|    m_axi   |     gmem     |    pointer   |
|m_axi_gmem_AWPROT       | out |    3|    m_axi   |     gmem     |    pointer   |
|m_axi_gmem_AWQOS        | out |    4|    m_axi   |     gmem     |    pointer   |
|m_axi_gmem_AWREGION     | out |    4|    m_axi   |     gmem     |    pointer   |
|m_axi_gmem_AWUSER       | out |    1|    m_axi   |     gmem     |    pointer   |
|m_axi_gmem_WVALID       | out |    1|    m_axi   |     gmem     |    pointer   |
|m_axi_gmem_WREADY       |  in |    1|    m_axi   |     gmem     |    pointer   |
|m_axi_gmem_WDATA        | out |  512|    m_axi   |     gmem     |    pointer   |
|m_axi_gmem_WSTRB        | out |   64|    m_axi   |     gmem     |    pointer   |
|m_axi_gmem_WLAST        | out |    1|    m_axi   |     gmem     |    pointer   |
|m_axi_gmem_WID          | out |    1|    m_axi   |     gmem     |    pointer   |
|m_axi_gmem_WUSER        | out |    1|    m_axi   |     gmem     |    pointer   |
|m_axi_gmem_ARVALID      | out |    1|    m_axi   |     gmem     |    pointer   |
|m_axi_gmem_ARREADY      |  in |    1|    m_axi   |     gmem     |    pointer   |
|m_axi_gmem_ARADDR       | out |   32|    m_axi   |     gmem     |    pointer   |
|m_axi_gmem_ARID         | out |    1|    m_axi   |     gmem     |    pointer   |
|m_axi_gmem_ARLEN        | out |    8|    m_axi   |     gmem     |    pointer   |
|m_axi_gmem_ARSIZE       | out |    3|    m_axi   |     gmem     |    pointer   |
|m_axi_gmem_ARBURST      | out |    2|    m_axi   |     gmem     |    pointer   |
|m_axi_gmem_ARLOCK       | out |    2|    m_axi   |     gmem     |    pointer   |
|m_axi_gmem_ARCACHE      | out |    4|    m_axi   |     gmem     |    pointer   |
|m_axi_gmem_ARPROT       | out |    3|    m_axi   |     gmem     |    pointer   |
|m_axi_gmem_ARQOS        | out |    4|    m_axi   |     gmem     |    pointer   |
|m_axi_gmem_ARREGION     | out |    4|    m_axi   |     gmem     |    pointer   |
|m_axi_gmem_ARUSER       | out |    1|    m_axi   |     gmem     |    pointer   |
|m_axi_gmem_RVALID       |  in |    1|    m_axi   |     gmem     |    pointer   |
|m_axi_gmem_RREADY       | out |    1|    m_axi   |     gmem     |    pointer   |
|m_axi_gmem_RDATA        |  in |  512|    m_axi   |     gmem     |    pointer   |
|m_axi_gmem_RLAST        |  in |    1|    m_axi   |     gmem     |    pointer   |
|m_axi_gmem_RID          |  in |    1|    m_axi   |     gmem     |    pointer   |
|m_axi_gmem_RUSER        |  in |    1|    m_axi   |     gmem     |    pointer   |
|m_axi_gmem_RRESP        |  in |    2|    m_axi   |     gmem     |    pointer   |
|m_axi_gmem_BVALID       |  in |    1|    m_axi   |     gmem     |    pointer   |
|m_axi_gmem_BREADY       | out |    1|    m_axi   |     gmem     |    pointer   |
|m_axi_gmem_BRESP        |  in |    2|    m_axi   |     gmem     |    pointer   |
|m_axi_gmem_BID          |  in |    1|    m_axi   |     gmem     |    pointer   |
|m_axi_gmem_BUSER        |  in |    1|    m_axi   |     gmem     |    pointer   |
+------------------------+-----+-----+------------+--------------+--------------+

