

================================================================
== Vivado HLS Report for 'readCompare'
================================================================
* Date:           Mon Apr 15 00:18:02 2019

* Version:        2018.2 (Build 2258646 on Thu Jun 14 20:25:20 MDT 2018)
* Project:        hls
* Solution:       solution
* Product family: kintexuplus
* Target device:  xcku5p-sfvb784-3-e


================================================================
== Performance Estimates
================================================================
+ Timing (ns): 
    * Summary: 
    +--------+-------+----------+------------+
    |  Clock | Target| Estimated| Uncertainty|
    +--------+-------+----------+------------+
    |ap_clk  |   3.33|     2.444|        0.42|
    +--------+-------+----------+------------+

+ Latency (clock cycles): 
    * Summary: 
    +-----+-----+-----+-----+---------+
    |  Latency  |  Interval | Pipeline|
    | min | max | min | max |   Type  |
    +-----+-----+-----+-----+---------+
    |   35|   35|   35|   35|   none  |
    +-----+-----+-----+-----+---------+

    + Detail: 
        * Instance: 
        N/A

        * Loop: 
        +------------+-----+-----+----------+-----------+-----------+------+----------+
        |            |  Latency  | Iteration|  Initiation Interval  | Trip |          |
        |  Loop Name | min | max |  Latency |  achieved |   target  | Count| Pipelined|
        +------------+-----+-----+----------+-----------+-----------+------+----------+
        |- readAdj2  |   33|   33|         3|          1|          1|    32|    yes   |
        +------------+-----+-----+----------+-----------+-----------+------+----------+



================================================================
== Utilization Estimates
================================================================
* Summary: 
+-----------------+---------+-------+--------+--------+-----+
|       Name      | BRAM_18K| DSP48E|   FF   |   LUT  | URAM|
+-----------------+---------+-------+--------+--------+-----+
|DSP              |        -|      -|       -|       -|    -|
|Expression       |        -|      -|       0|     678|    -|
|FIFO             |        -|      -|       -|       -|    -|
|Instance         |        -|      -|       -|       -|    -|
|Memory           |        -|      -|       -|       -|    -|
|Multiplexer      |        -|      -|       -|      81|    -|
|Register         |        -|      -|      76|       -|    -|
+-----------------+---------+-------+--------+--------+-----+
|Total            |        0|      0|      76|     759|    0|
+-----------------+---------+-------+--------+--------+-----+
|Available        |      960|   1824|  433920|  216960|   64|
+-----------------+---------+-------+--------+--------+-----+
|Utilization (%)  |        0|      0|   ~0   |   ~0   |    0|
+-----------------+---------+-------+--------+--------+-----+

+ Detail: 
    * Instance: 
    N/A

    * DSP48: 
    N/A

    * Memory: 
    N/A

    * FIFO: 
    N/A

    * Expression: 
    +----------------------------------+----------+-------+---+----+------------+------------+
    |           Variable Name          | Operation| DSP48E| FF| LUT| Bitwidth P0| Bitwidth P1|
    +----------------------------------+----------+-------+---+----+------------+------------+
    |i_1_fu_235_p2                     |     +    |      0|  0|  15|           6|           1|
    |ap_predicate_op115_write_state4   |    and   |      0|  0|   2|           1|           1|
    |exitcond_fu_229_p2                |   icmp   |      0|  0|  11|           6|           7|
    |tmp_8_10_fu_409_p2                |   icmp   |      0|  0|  20|          32|          32|
    |tmp_8_11_fu_424_p2                |   icmp   |      0|  0|  20|          32|          32|
    |tmp_8_12_fu_439_p2                |   icmp   |      0|  0|  20|          32|          32|
    |tmp_8_13_fu_454_p2                |   icmp   |      0|  0|  20|          32|          32|
    |tmp_8_14_fu_469_p2                |   icmp   |      0|  0|  20|          32|          32|
    |tmp_8_15_fu_484_p2                |   icmp   |      0|  0|  20|          32|          32|
    |tmp_8_16_fu_499_p2                |   icmp   |      0|  0|  20|          32|          32|
    |tmp_8_17_fu_514_p2                |   icmp   |      0|  0|  20|          32|          32|
    |tmp_8_18_fu_529_p2                |   icmp   |      0|  0|  20|          32|          32|
    |tmp_8_19_fu_544_p2                |   icmp   |      0|  0|  20|          32|          32|
    |tmp_8_1_fu_259_p2                 |   icmp   |      0|  0|  20|          32|          32|
    |tmp_8_20_fu_559_p2                |   icmp   |      0|  0|  20|          32|          32|
    |tmp_8_21_fu_574_p2                |   icmp   |      0|  0|  20|          32|          32|
    |tmp_8_22_fu_589_p2                |   icmp   |      0|  0|  20|          32|          32|
    |tmp_8_23_fu_604_p2                |   icmp   |      0|  0|  20|          32|          32|
    |tmp_8_24_fu_619_p2                |   icmp   |      0|  0|  20|          32|          32|
    |tmp_8_25_fu_634_p2                |   icmp   |      0|  0|  20|          32|          32|
    |tmp_8_26_fu_649_p2                |   icmp   |      0|  0|  20|          32|          32|
    |tmp_8_27_fu_664_p2                |   icmp   |      0|  0|  20|          32|          32|
    |tmp_8_28_fu_679_p2                |   icmp   |      0|  0|  20|          32|          32|
    |tmp_8_29_fu_694_p2                |   icmp   |      0|  0|  20|          32|          32|
    |tmp_8_2_fu_274_p2                 |   icmp   |      0|  0|  20|          32|          32|
    |tmp_8_30_fu_709_p2                |   icmp   |      0|  0|  20|          32|          32|
    |tmp_8_3_fu_289_p2                 |   icmp   |      0|  0|  20|          32|          32|
    |tmp_8_4_fu_304_p2                 |   icmp   |      0|  0|  20|          32|          32|
    |tmp_8_5_fu_319_p2                 |   icmp   |      0|  0|  20|          32|          32|
    |tmp_8_6_fu_334_p2                 |   icmp   |      0|  0|  20|          32|          32|
    |tmp_8_7_fu_349_p2                 |   icmp   |      0|  0|  20|          32|          32|
    |tmp_8_8_fu_364_p2                 |   icmp   |      0|  0|  20|          32|          32|
    |tmp_8_9_fu_379_p2                 |   icmp   |      0|  0|  20|          32|          32|
    |tmp_8_fu_244_p2                   |   icmp   |      0|  0|  20|          32|          32|
    |tmp_8_s_fu_394_p2                 |   icmp   |      0|  0|  20|          32|          32|
    |ap_block_pp0_stage0_01001         |    or    |      0|  0|   2|           1|           1|
    |ap_block_state4_pp0_stage0_iter2  |    or    |      0|  0|   2|           1|           1|
    |ap_predicate_op117_write_state4   |    or    |      0|  0|   2|           1|           1|
    |ap_enable_pp0                     |    xor   |      0|  0|   2|           1|           2|
    |ap_enable_reg_pp0_iter1           |    xor   |      0|  0|   2|           2|           1|
    +----------------------------------+----------+-------+---+----+------------+------------+
    |Total                             |          |      0|  0| 678|        1043|        1039|
    +----------------------------------+----------+-------+---+----+------------+------------+

    * Multiplexer: 
    +-------------------------+----+-----------+-----+-----------+
    |           Name          | LUT| Input Size| Bits| Total Bits|
    +-------------------------+----+-----------+-----+-----------+
    |ap_NS_fsm                |  21|          4|    1|          4|
    |ap_enable_reg_pp0_iter1  |   9|          2|    1|          2|
    |ap_enable_reg_pp0_iter2  |   9|          2|    1|          2|
    |i_in_stream_V_blk_n      |   9|          2|    1|          2|
    |i_out_stream_V_blk_n     |   9|          2|    1|          2|
    |i_out_stream_V_din       |  15|          3|   32|         96|
    |i_reg_218                |   9|          2|    6|         12|
    +-------------------------+----+-----------+-----+-----------+
    |Total                    |  81|         17|   43|        120|
    +-------------------------+----+-----------+-----+-----------+

    * Register: 
    +-------------------------+----+----+-----+-----------+
    |           Name          | FF | LUT| Bits| Const Bits|
    +-------------------------+----+----+-----+-----------+
    |ap_CS_fsm                |   3|   0|    3|          0|
    |ap_enable_reg_pp0_iter0  |   1|   0|    1|          0|
    |ap_enable_reg_pp0_iter1  |   1|   0|    1|          0|
    |ap_enable_reg_pp0_iter2  |   1|   0|    1|          0|
    |i_reg_218                |   6|   0|    6|          0|
    |tmp_1_reg_760            |  32|   0|   32|          0|
    |tmp_8_10_reg_809         |   1|   0|    1|          0|
    |tmp_8_11_reg_813         |   1|   0|    1|          0|
    |tmp_8_12_reg_817         |   1|   0|    1|          0|
    |tmp_8_13_reg_821         |   1|   0|    1|          0|
    |tmp_8_14_reg_825         |   1|   0|    1|          0|
    |tmp_8_15_reg_829         |   1|   0|    1|          0|
    |tmp_8_16_reg_833         |   1|   0|    1|          0|
    |tmp_8_17_reg_837         |   1|   0|    1|          0|
    |tmp_8_18_reg_841         |   1|   0|    1|          0|
    |tmp_8_19_reg_845         |   1|   0|    1|          0|
    |tmp_8_1_reg_769          |   1|   0|    1|          0|
    |tmp_8_20_reg_849         |   1|   0|    1|          0|
    |tmp_8_21_reg_853         |   1|   0|    1|          0|
    |tmp_8_22_reg_857         |   1|   0|    1|          0|
    |tmp_8_23_reg_861         |   1|   0|    1|          0|
    |tmp_8_24_reg_865         |   1|   0|    1|          0|
    |tmp_8_25_reg_869         |   1|   0|    1|          0|
    |tmp_8_26_reg_873         |   1|   0|    1|          0|
    |tmp_8_27_reg_877         |   1|   0|    1|          0|
    |tmp_8_28_reg_881         |   1|   0|    1|          0|
    |tmp_8_29_reg_885         |   1|   0|    1|          0|
    |tmp_8_2_reg_773          |   1|   0|    1|          0|
    |tmp_8_30_reg_889         |   1|   0|    1|          0|
    |tmp_8_3_reg_777          |   1|   0|    1|          0|
    |tmp_8_4_reg_781          |   1|   0|    1|          0|
    |tmp_8_5_reg_785          |   1|   0|    1|          0|
    |tmp_8_6_reg_789          |   1|   0|    1|          0|
    |tmp_8_7_reg_793          |   1|   0|    1|          0|
    |tmp_8_8_reg_797          |   1|   0|    1|          0|
    |tmp_8_9_reg_801          |   1|   0|    1|          0|
    |tmp_8_reg_765            |   1|   0|    1|          0|
    |tmp_8_s_reg_805          |   1|   0|    1|          0|
    +-------------------------+----+----+-----+-----------+
    |Total                    |  76|   0|   76|          0|
    +-------------------------+----+----+-----+-----------+



================================================================
== Interface
================================================================
* Summary: 
+-----------------------+-----+------+------------+----------------+--------------+
|       RTL Ports       | Dir | Bits |  Protocol  |  Source Object |    C Type    |
+-----------------------+-----+------+------------+----------------+--------------+
|ap_clk                 |  in |     1| ap_ctrl_hs |   readCompare  | return value |
|ap_rst                 |  in |     1| ap_ctrl_hs |   readCompare  | return value |
|ap_start               |  in |     1| ap_ctrl_hs |   readCompare  | return value |
|ap_done                | out |     1| ap_ctrl_hs |   readCompare  | return value |
|ap_idle                | out |     1| ap_ctrl_hs |   readCompare  | return value |
|ap_ready               | out |     1| ap_ctrl_hs |   readCompare  | return value |
|adj2_data_V            |  in |  1024|   ap_none  |   adj2_data_V  |    scalar    |
|i_in_stream_V_dout     |  in |    32|   ap_fifo  |  i_in_stream_V |    pointer   |
|i_in_stream_V_empty_n  |  in |     1|   ap_fifo  |  i_in_stream_V |    pointer   |
|i_in_stream_V_read     | out |     1|   ap_fifo  |  i_in_stream_V |    pointer   |
|i_out_stream_V_din     | out |    32|   ap_fifo  | i_out_stream_V |    pointer   |
|i_out_stream_V_full_n  |  in |     1|   ap_fifo  | i_out_stream_V |    pointer   |
|i_out_stream_V_write   | out |     1|   ap_fifo  | i_out_stream_V |    pointer   |
+-----------------------+-----+------+------------+----------------+--------------+

